Archive member included to satisfy reference by file (symbol)

/usr/lib/gcc/arm-none-eabi/6.3.1/../../../arm-none-eabi/lib/thumb/v7-m/libm.a(lib_a-sf_round.o)
                              CMakeFiles/HAL_MPU6050_DMP.elf.dir/Src/MPU6050.cpp.obj (roundf)
/usr/lib/gcc/arm-none-eabi/6.3.1/../../../arm-none-eabi/lib/thumb/v7-m/libm.a(lib_a-wf_asin.o)
                              CMakeFiles/HAL_MPU6050_DMP.elf.dir/Src/main.cpp.obj (asinf)
/usr/lib/gcc/arm-none-eabi/6.3.1/../../../arm-none-eabi/lib/thumb/v7-m/libm.a(lib_a-wf_atan2.o)
                              CMakeFiles/HAL_MPU6050_DMP.elf.dir/Src/main.cpp.obj (atan2f)
/usr/lib/gcc/arm-none-eabi/6.3.1/../../../arm-none-eabi/lib/thumb/v7-m/libm.a(lib_a-wf_sqrt.o)
                              CMakeFiles/HAL_MPU6050_DMP.elf.dir/Src/main.cpp.obj (sqrtf)
/usr/lib/gcc/arm-none-eabi/6.3.1/../../../arm-none-eabi/lib/thumb/v7-m/libm.a(lib_a-ef_asin.o)
                              /usr/lib/gcc/arm-none-eabi/6.3.1/../../../arm-none-eabi/lib/thumb/v7-m/libm.a(lib_a-wf_asin.o) (__ieee754_asinf)
/usr/lib/gcc/arm-none-eabi/6.3.1/../../../arm-none-eabi/lib/thumb/v7-m/libm.a(lib_a-ef_atan2.o)
                              /usr/lib/gcc/arm-none-eabi/6.3.1/../../../arm-none-eabi/lib/thumb/v7-m/libm.a(lib_a-wf_atan2.o) (__ieee754_atan2f)
/usr/lib/gcc/arm-none-eabi/6.3.1/../../../arm-none-eabi/lib/thumb/v7-m/libm.a(lib_a-ef_sqrt.o)
                              /usr/lib/gcc/arm-none-eabi/6.3.1/../../../arm-none-eabi/lib/thumb/v7-m/libm.a(lib_a-wf_sqrt.o) (__ieee754_sqrtf)
/usr/lib/gcc/arm-none-eabi/6.3.1/../../../arm-none-eabi/lib/thumb/v7-m/libm.a(lib_a-s_lib_ver.o)
                              /usr/lib/gcc/arm-none-eabi/6.3.1/../../../arm-none-eabi/lib/thumb/v7-m/libm.a(lib_a-wf_asin.o) (__fdlib_version)
/usr/lib/gcc/arm-none-eabi/6.3.1/../../../arm-none-eabi/lib/thumb/v7-m/libm.a(lib_a-s_matherr.o)
                              /usr/lib/gcc/arm-none-eabi/6.3.1/../../../arm-none-eabi/lib/thumb/v7-m/libm.a(lib_a-wf_asin.o) (matherr)
/usr/lib/gcc/arm-none-eabi/6.3.1/../../../arm-none-eabi/lib/thumb/v7-m/libm.a(lib_a-s_nan.o)
                              /usr/lib/gcc/arm-none-eabi/6.3.1/../../../arm-none-eabi/lib/thumb/v7-m/libm.a(lib_a-wf_asin.o) (nan)
/usr/lib/gcc/arm-none-eabi/6.3.1/../../../arm-none-eabi/lib/thumb/v7-m/libm.a(lib_a-sf_atan.o)
                              /usr/lib/gcc/arm-none-eabi/6.3.1/../../../arm-none-eabi/lib/thumb/v7-m/libm.a(lib_a-ef_atan2.o) (atanf)
/usr/lib/gcc/arm-none-eabi/6.3.1/../../../arm-none-eabi/lib/thumb/v7-m/libm.a(lib_a-sf_fabs.o)
                              /usr/lib/gcc/arm-none-eabi/6.3.1/../../../arm-none-eabi/lib/thumb/v7-m/libm.a(lib_a-wf_asin.o) (fabsf)
/usr/lib/gcc/arm-none-eabi/6.3.1/thumb/v7-m/libgcc.a(_arm_addsubdf3.o)
                              CMakeFiles/HAL_MPU6050_DMP.elf.dir/Src/MPU6050.cpp.obj (__aeabi_dadd)
/usr/lib/gcc/arm-none-eabi/6.3.1/thumb/v7-m/libgcc.a(_arm_muldivdf3.o)
                              CMakeFiles/HAL_MPU6050_DMP.elf.dir/Src/MPU6050.cpp.obj (__aeabi_dmul)
/usr/lib/gcc/arm-none-eabi/6.3.1/thumb/v7-m/libgcc.a(_arm_cmpdf2.o)
                              CMakeFiles/HAL_MPU6050_DMP.elf.dir/Src/MPU6050.cpp.obj (__aeabi_dcmplt)
/usr/lib/gcc/arm-none-eabi/6.3.1/thumb/v7-m/libgcc.a(_arm_truncdfsf2.o)
                              CMakeFiles/HAL_MPU6050_DMP.elf.dir/Src/MPU6050.cpp.obj (__aeabi_d2f)
/usr/lib/gcc/arm-none-eabi/6.3.1/thumb/v7-m/libgcc.a(_arm_addsubsf3.o)
                              CMakeFiles/HAL_MPU6050_DMP.elf.dir/Src/ArduinoWrapper.cpp.obj (__aeabi_fsub)
/usr/lib/gcc/arm-none-eabi/6.3.1/thumb/v7-m/libgcc.a(_arm_muldivsf3.o)
                              CMakeFiles/HAL_MPU6050_DMP.elf.dir/Src/ArduinoWrapper.cpp.obj (__aeabi_fmul)
/usr/lib/gcc/arm-none-eabi/6.3.1/thumb/v7-m/libgcc.a(_arm_cmpsf2.o)
                              CMakeFiles/HAL_MPU6050_DMP.elf.dir/Src/main.cpp.obj (__aeabi_fcmplt)
/usr/lib/gcc/arm-none-eabi/6.3.1/thumb/v7-m/libgcc.a(_arm_unordsf2.o)
                              /usr/lib/gcc/arm-none-eabi/6.3.1/../../../arm-none-eabi/lib/thumb/v7-m/libm.a(lib_a-wf_asin.o) (__aeabi_fcmpun)
/usr/lib/gcc/arm-none-eabi/6.3.1/thumb/v7-m/libgcc.a(_arm_fixsfsi.o)
                              CMakeFiles/HAL_MPU6050_DMP.elf.dir/Src/MPU6050.cpp.obj (__aeabi_f2iz)
/usr/lib/gcc/arm-none-eabi/6.3.1/thumb/v7-m/libgcc.a(_arm_fixunssfsi.o)
                              CMakeFiles/HAL_MPU6050_DMP.elf.dir/Src/MPU6050.cpp.obj (__aeabi_f2uiz)
/usr/lib/gcc/arm-none-eabi/6.3.1/thumb/v7-m/libgcc.a(unwind-arm.o)
                              CMakeFiles/HAL_MPU6050_DMP.elf.dir/Src/ArduinoWrapper.cpp.obj (__aeabi_unwind_cpp_pr0)
/usr/lib/gcc/arm-none-eabi/6.3.1/thumb/v7-m/libgcc.a(libunwind.o)
                              /usr/lib/gcc/arm-none-eabi/6.3.1/thumb/v7-m/libgcc.a(unwind-arm.o) (restore_core_regs)
/usr/lib/gcc/arm-none-eabi/6.3.1/thumb/v7-m/libgcc.a(pr-support.o)
                              /usr/lib/gcc/arm-none-eabi/6.3.1/thumb/v7-m/libgcc.a(unwind-arm.o) (__gnu_unwind_execute)
[...]
Memory Configuration

Name             Origin             Length             Attributes
RAM              0x0000000020000000 0x0000000000005000 xrw
FLASH            0x0000000008000000 0x0000000000010000 xr
*default*        0x0000000000000000 0xffffffffffffffff

Linker script and memory map

LOAD /usr/lib/gcc/arm-none-eabi/6.3.1/thumb/v7-m/crti.o
LOAD /usr/lib/gcc/arm-none-eabi/6.3.1/thumb/v7-m/crtbegin.o
LOAD /usr/lib/gcc/arm-none-eabi/6.3.1/../../../arm-none-eabi/lib/thumb/v7-m/crt0.o
LOAD CMakeFiles/HAL_MPU6050_DMP.elf.dir/Drivers/STM32F1xx_HAL_Driver/Src/stm32f1xx_hal.c.obj
LOAD CMakeFiles/HAL_MPU6050_DMP.elf.dir/Drivers/STM32F1xx_HAL_Driver/Src/stm32f1xx_hal_cortex.c.obj
LOAD CMakeFiles/HAL_MPU6050_DMP.elf.dir/Drivers/STM32F1xx_HAL_Driver/Src/stm32f1xx_hal_dma.c.obj
LOAD CMakeFiles/HAL_MPU6050_DMP.elf.dir/Drivers/STM32F1xx_HAL_Driver/Src/stm32f1xx_hal_exti.c.obj
LOAD CMakeFiles/HAL_MPU6050_DMP.elf.dir/Drivers/STM32F1xx_HAL_Driver/Src/stm32f1xx_hal_flash.c.obj
LOAD CMakeFiles/HAL_MPU6050_DMP.elf.dir/Drivers/STM32F1xx_HAL_Driver/Src/stm32f1xx_hal_flash_ex.c.obj
LOAD CMakeFiles/HAL_MPU6050_DMP.elf.dir/Drivers/STM32F1xx_HAL_Driver/Src/stm32f1xx_hal_gpio.c.obj
LOAD CMakeFiles/HAL_MPU6050_DMP.elf.dir/Drivers/STM32F1xx_HAL_Driver/Src/stm32f1xx_hal_gpio_ex.c.obj
LOAD CMakeFiles/HAL_MPU6050_DMP.elf.dir/Drivers/STM32F1xx_HAL_Driver/Src/stm32f1xx_hal_i2c.c.obj
LOAD CMakeFiles/HAL_MPU6050_DMP.elf.dir/Drivers/STM32F1xx_HAL_Driver/Src/stm32f1xx_hal_pwr.c.obj
LOAD CMakeFiles/HAL_MPU6050_DMP.elf.dir/Drivers/STM32F1xx_HAL_Driver/Src/stm32f1xx_hal_rcc.c.obj
LOAD CMakeFiles/HAL_MPU6050_DMP.elf.dir/Drivers/STM32F1xx_HAL_Driver/Src/stm32f1xx_hal_rcc_ex.c.obj
LOAD CMakeFiles/HAL_MPU6050_DMP.elf.dir/Drivers/STM32F1xx_HAL_Driver/Src/stm32f1xx_hal_tim.c.obj
LOAD CMakeFiles/HAL_MPU6050_DMP.elf.dir/Drivers/STM32F1xx_HAL_Driver/Src/stm32f1xx_hal_tim_ex.c.obj
LOAD CMakeFiles/HAL_MPU6050_DMP.elf.dir/Drivers/STM32F1xx_HAL_Driver/Src/stm32f1xx_hal_uart.c.obj
LOAD CMakeFiles/HAL_MPU6050_DMP.elf.dir/Src/ArduinoWrapper.cpp.obj
LOAD CMakeFiles/HAL_MPU6050_DMP.elf.dir/Src/I2Cdev.cpp.obj
LOAD CMakeFiles/HAL_MPU6050_DMP.elf.dir/Src/MPU6050.cpp.obj
LOAD CMakeFiles/HAL_MPU6050_DMP.elf.dir/Src/gpio.c.obj
LOAD CMakeFiles/HAL_MPU6050_DMP.elf.dir/Src/i2c.c.obj
LOAD CMakeFiles/HAL_MPU6050_DMP.elf.dir/Src/main.cpp.obj
LOAD CMakeFiles/HAL_MPU6050_DMP.elf.dir/Src/stm32f1xx_hal_msp.c.obj
LOAD CMakeFiles/HAL_MPU6050_DMP.elf.dir/Src/stm32f1xx_it.c.obj
LOAD CMakeFiles/HAL_MPU6050_DMP.elf.dir/Src/syscalls.c.obj
LOAD CMakeFiles/HAL_MPU6050_DMP.elf.dir/Src/system_stm32f1xx.c.obj
LOAD CMakeFiles/HAL_MPU6050_DMP.elf.dir/Src/usart.c.obj
LOAD CMakeFiles/HAL_MPU6050_DMP.elf.dir/startup/startup_stm32f103xb.s.obj
LOAD /usr/lib/gcc/arm-none-eabi/6.3.1/../../../arm-none-eabi/lib/thumb/v7-m/libstdc++_nano.a
LOAD /usr/lib/gcc/arm-none-eabi/6.3.1/../../../arm-none-eabi/lib/thumb/v7-m/libm.a
START GROUP
LOAD /usr/lib/gcc/arm-none-eabi/6.3.1/thumb/v7-m/libgcc.a
LOAD /usr/lib/gcc/arm-none-eabi/6.3.1/../../../arm-none-eabi/lib/thumb/v7-m/libg_nano.a
LOAD /usr/lib/gcc/arm-none-eabi/6.3.1/../../../arm-none-eabi/lib/thumb/v7-m/libc_nano.a
END GROUP
START GROUP
LOAD /usr/lib/gcc/arm-none-eabi/6.3.1/thumb/v7-m/libgcc.a
LOAD /usr/lib/gcc/arm-none-eabi/6.3.1/../../../arm-none-eabi/lib/thumb/v7-m/libc_nano.a
LOAD /usr/lib/gcc/arm-none-eabi/6.3.1/../../../arm-none-eabi/lib/thumb/v7-m/libnosys.a
END GROUP
START GROUP
LOAD /usr/lib/gcc/arm-none-eabi/6.3.1/thumb/v7-m/libgcc.a
LOAD /usr/lib/gcc/arm-none-eabi/6.3.1/../../../arm-none-eabi/lib/thumb/v7-m/libc_nano.a
LOAD /usr/lib/gcc/arm-none-eabi/6.3.1/../../../arm-none-eabi/lib/thumb/v7-m/libnosys.a
END GROUP
LOAD /usr/lib/gcc/arm-none-eabi/6.3.1/thumb/v7-m/crtend.o
LOAD /usr/lib/gcc/arm-none-eabi/6.3.1/thumb/v7-m/crtn.o
                0x0000000020005000                _estack = 0x20005000
                0x0000000000000300                _Min_Heap_Size = 0x300
                0x0000000000000600                _Min_Stack_Size = 0x600

.isr_vector     0x0000000008000000      0x10c
                0x0000000008000000                . = ALIGN (0x4)
 *(.isr_vector)
 .isr_vector    0x0000000008000000      0x10c CMakeFiles/HAL_MPU6050_DMP.elf.dir/startup/startup_stm32f103xb.s.obj
                0x0000000008000000                g_pfnVectors
                0x000000000800010c                . = ALIGN (0x4)

.text           0x0000000008000110     0x9738
                0x0000000008000110                . = ALIGN (0x4)
 *(.text)
 .text          0x0000000008000110       0xa4 /usr/lib/gcc/arm-none-eabi/6.3.1/thumb/v7-m/crtbegin.o
 .text          0x00000000080001b4       0x4c /usr/lib/gcc/arm-none-eabi/6.3.1/../../../arm-none-eabi/lib/thumb/v7-m/libm.a(lib_a-sf_round.o)
                0x00000000080001b4                roundf
 .text          0x0000000008000200        0x4 /usr/lib/gcc/arm-none-eabi/6.3.1/../../../arm-none-eabi/lib/thumb/v7-m/libm.a(lib_a-wf_atan2.o)
                0x0000000008000200                atan2f
 .text          0x0000000008000204       0xa0 /usr/lib/gcc/arm-none-eabi/6.3.1/../../../arm-none-eabi/lib/thumb/v7-m/libm.a(lib_a-wf_sqrt.o)
                0x0000000008000204                sqrtf
 .text          0x00000000080002a4      0x124 /usr/lib/gcc/arm-none-eabi/6.3.1/../../../arm-none-eabi/lib/thumb/v7-m/libm.a(lib_a-ef_atan2.o)
                0x00000000080002a4                __ieee754_atan2f
 .text          0x00000000080003c8       0xa8 /usr/lib/gcc/arm-none-eabi/6.3.1/../../../arm-none-eabi/lib/thumb/v7-m/libm.a(lib_a-ef_sqrt.o)
                0x00000000080003c8                __ieee754_sqrtf
 .text          0x0000000008000470        0x4 /usr/lib/gcc/arm-none-eabi/6.3.1/../../../arm-none-eabi/lib/thumb/v7-m/libm.a(lib_a-s_matherr.o)
                0x0000000008000470                matherr
 .text          0x0000000008000474      0x228 /usr/lib/gcc/arm-none-eabi/6.3.1/../../../arm-none-eabi/lib/thumb/v7-m/libm.a(lib_a-sf_atan.o)
                0x0000000008000474                atanf
 .text          0x000000000800069c        0x8 /usr/lib/gcc/arm-none-eabi/6.3.1/../../../arm-none-eabi/lib/thumb/v7-m/libm.a(lib_a-sf_fabs.o)
                0x000000000800069c                fabsf
 .text          0x00000000080006a4      0x370 /usr/lib/gcc/arm-none-eabi/6.3.1/thumb/v7-m/libgcc.a(_arm_addsubdf3.o)
                0x00000000080006a4                __aeabi_drsub
                0x00000000080006ac                __aeabi_dsub
                0x00000000080006ac                __subdf3
                0x00000000080006b0                __adddf3
                0x00000000080006b0                __aeabi_dadd
                0x0000000008000928                __aeabi_ui2d
                0x0000000008000928                __floatunsidf
                0x0000000008000948                __floatsidf
                0x0000000008000948                __aeabi_i2d
                0x000000000800096c                __extendsfdf2
                0x000000000800096c                __aeabi_f2d
                0x00000000080009a8                __aeabi_ul2d
                0x00000000080009a8                __floatundidf
                0x00000000080009b8                __floatdidf
                0x00000000080009b8                __aeabi_l2d
 .text          0x0000000008000a14      0x424 /usr/lib/gcc/arm-none-eabi/6.3.1/thumb/v7-m/libgcc.a(_arm_muldivdf3.o)
                0x0000000008000a14                __aeabi_dmul
                0x0000000008000a14                __muldf3
                0x0000000008000c68                __aeabi_ddiv
                0x0000000008000c68                __divdf3
 .text          0x0000000008000e38      0x110 /usr/lib/gcc/arm-none-eabi/6.3.1/thumb/v7-m/libgcc.a(_arm_cmpdf2.o)
                0x0000000008000e38                __gtdf2
                0x0000000008000e38                __gedf2
                0x0000000008000e40                __ltdf2
                0x0000000008000e40                __ledf2
                0x0000000008000e48                __cmpdf2
                0x0000000008000e48                __eqdf2
                0x0000000008000e48                __nedf2
                0x0000000008000ec4                __aeabi_cdrcmple
                0x0000000008000ed4                __aeabi_cdcmple
                0x0000000008000ed4                __aeabi_cdcmpeq
                0x0000000008000ee4                __aeabi_dcmpeq
                0x0000000008000ef8                __aeabi_dcmplt
                0x0000000008000f0c                __aeabi_dcmple
                0x0000000008000f20                __aeabi_dcmpge
                0x0000000008000f34                __aeabi_dcmpgt
 .text          0x0000000008000f48       0xa0 /usr/lib/gcc/arm-none-eabi/6.3.1/thumb/v7-m/libgcc.a(_arm_truncdfsf2.o)
                0x0000000008000f48                __aeabi_d2f
                0x0000000008000f48                __truncdfsf2
 .text          0x0000000008000fe8      0x21c /usr/lib/gcc/arm-none-eabi/6.3.1/thumb/v7-m/libgcc.a(_arm_addsubsf3.o)
                0x0000000008000fe8                __aeabi_frsub
                0x0000000008000ff0                __subsf3
                0x0000000008000ff0                __aeabi_fsub
                0x0000000008000ff4                __aeabi_fadd
                0x0000000008000ff4                __addsf3
                0x0000000008001154                __aeabi_ui2f
                0x0000000008001154                __floatunsisf
                0x000000000800115c                __aeabi_i2f
                0x000000000800115c                __floatsisf
                0x0000000008001178                __floatundisf
                0x0000000008001178                __aeabi_ul2f
                0x0000000008001188                __floatdisf
                0x0000000008001188                __aeabi_l2f
 .text          0x0000000008001204      0x2a0 /usr/lib/gcc/arm-none-eabi/6.3.1/thumb/v7-m/libgcc.a(_arm_muldivsf3.o)
                0x0000000008001204                __mulsf3
                0x0000000008001204                __aeabi_fmul
                0x000000000800136c                __divsf3
                0x000000000800136c                __aeabi_fdiv
 .text          0x00000000080014a4       0xec /usr/lib/gcc/arm-none-eabi/6.3.1/thumb/v7-m/libgcc.a(_arm_cmpsf2.o)
                0x00000000080014a4                __gtsf2
                0x00000000080014a4                __gesf2
                0x00000000080014ac                __lesf2
                0x00000000080014ac                __ltsf2
                0x00000000080014b4                __nesf2
                0x00000000080014b4                __eqsf2
                0x00000000080014b4                __cmpsf2
                0x0000000008001514                __aeabi_cfrcmple
                0x000000000800151c                __aeabi_cfcmple
                0x000000000800151c                __aeabi_cfcmpeq
                0x000000000800152c                __aeabi_fcmpeq
                0x0000000008001540                __aeabi_fcmplt
                0x0000000008001554                __aeabi_fcmple
                0x0000000008001568                __aeabi_fcmpge
                0x000000000800157c                __aeabi_fcmpgt
 .text          0x0000000008001590       0x2c /usr/lib/gcc/arm-none-eabi/6.3.1/thumb/v7-m/libgcc.a(_arm_unordsf2.o)
                0x0000000008001590                __aeabi_fcmpun
                0x0000000008001590                __unordsf2
 .text          0x00000000080015bc       0x4c /usr/lib/gcc/arm-none-eabi/6.3.1/thumb/v7-m/libgcc.a(_arm_fixsfsi.o)
                0x00000000080015bc                __fixsfsi
                0x00000000080015bc                __aeabi_f2iz
 .text          0x0000000008001608       0x40 /usr/lib/gcc/arm-none-eabi/6.3.1/thumb/v7-m/libgcc.a(_arm_fixunssfsi.o)
                0x0000000008001608                __aeabi_f2uiz
                0x0000000008001608                __fixunssfsi
 .text          0x0000000008001648      0x9dc /usr/lib/gcc/arm-none-eabi/6.3.1/thumb/v7-m/libgcc.a(unwind-arm.o)
                0x000000000800190c                _Unwind_GetCFA
                0x0000000008001910                __gnu_Unwind_RaiseException
                0x0000000008001970                __gnu_Unwind_ForcedUnwind
                0x0000000008001984                __gnu_Unwind_Resume
                0x00000000080019c8                __gnu_Unwind_Resume_or_Rethrow
                0x00000000080019dc                _Unwind_Complete
                0x00000000080019e0                _Unwind_DeleteException
                0x00000000080019ec                _Unwind_VRS_Get
                0x0000000008001a38                _Unwind_VRS_Set
                0x0000000008001a88                __gnu_Unwind_Backtrace
                0x0000000008001dcc                __aeabi_unwind_cpp_pr0
                0x0000000008001dd0                __aeabi_unwind_cpp_pr1
                0x0000000008001dd4                __aeabi_unwind_cpp_pr2
                0x0000000008001dd8                _Unwind_VRS_Pop
 .text          0x0000000008002024      0x1ac /usr/lib/gcc/arm-none-eabi/6.3.1/thumb/v7-m/libgcc.a(libunwind.o)
                0x0000000008002024                __restore_core_regs
                0x0000000008002024                restore_core_regs
                0x000000000800203c                __gnu_Unwind_Restore_VFP
                0x0000000008002044                __gnu_Unwind_Save_VFP
                0x000000000800204c                __gnu_Unwind_Restore_VFP_D
                0x0000000008002054                __gnu_Unwind_Save_VFP_D
                0x000000000800205c                __gnu_Unwind_Restore_VFP_D_16_to_31
                0x0000000008002064                __gnu_Unwind_Save_VFP_D_16_to_31
                0x000000000800206c                __gnu_Unwind_Restore_WMMXD
                0x00000000080020b0                __gnu_Unwind_Save_WMMXD
                0x00000000080020f4                __gnu_Unwind_Restore_WMMXC
                0x0000000008002108                __gnu_Unwind_Save_WMMXC
                0x000000000800211c                ___Unwind_RaiseException
                0x000000000800211c                _Unwind_RaiseException
                0x0000000008002140                ___Unwind_Resume
                0x0000000008002140                _Unwind_Resume
                0x0000000008002164                _Unwind_Resume_or_Rethrow
                0x0000000008002164                ___Unwind_Resume_or_Rethrow
                0x0000000008002188                ___Unwind_ForcedUnwind
                0x0000000008002188                _Unwind_ForcedUnwind
                0x00000000080021ac                _Unwind_Backtrace
                0x00000000080021ac                ___Unwind_Backtrace
 .text          0x00000000080021d0      0x384 /usr/lib/gcc/arm-none-eabi/6.3.1/thumb/v7-m/libgcc.a(pr-support.o)
                0x0000000008002228                __gnu_unwind_execute
                0x00000000080024f8                __gnu_unwind_frame
                0x0000000008002524                _Unwind_GetRegionStart
                0x0000000008002530                _Unwind_GetLanguageSpecificData
                0x0000000008002544                _Unwind_GetTextRelBase
                0x000000000800254c                _Unwind_GetDataRelBase
 .text          0x0000000008002554       0x10 /usr/lib/gcc/arm-none-eabi/6.3.1/../../../arm-none-eabi/lib/thumb/v7-m/libg_nano.a(lib_a-abort.o)
                0x0000000008002554                abort
 .text          0x0000000008002564        0xc /usr/lib/gcc/arm-none-eabi/6.3.1/../../../arm-none-eabi/lib/thumb/v7-m/libg_nano.a(lib_a-errno.o)
                0x0000000008002564                __errno
 .text          0x0000000008002570       0x50 /usr/lib/gcc/arm-none-eabi/6.3.1/../../../arm-none-eabi/lib/thumb/v7-m/libg_nano.a(lib_a-init.o)
                0x0000000008002570                __libc_init_array
 .text          0x00000000080025c0       0x20 /usr/lib/gcc/arm-none-eabi/6.3.1/../../../arm-none-eabi/lib/thumb/v7-m/libg_nano.a(lib_a-malloc.o)
                0x00000000080025c0                malloc
                0x00000000080025d0                free
 .text          0x00000000080025e0       0x60 /usr/lib/gcc/arm-none-eabi/6.3.1/../../../arm-none-eabi/lib/thumb/v7-m/libg_nano.a(lib_a-memcmp.o)
                0x00000000080025e0                memcmp
 .text          0x0000000008002640       0xec /usr/lib/gcc/arm-none-eabi/6.3.1/../../../arm-none-eabi/lib/thumb/v7-m/libg_nano.a(lib_a-memcpy.o)
                0x0000000008002640                memcpy
 .text          0x000000000800272c       0x9c /usr/lib/gcc/arm-none-eabi/6.3.1/../../../arm-none-eabi/lib/thumb/v7-m/libg_nano.a(lib_a-memset.o)
                0x000000000800272c                memset
 .text          0x00000000080027c8       0x90 /usr/lib/gcc/arm-none-eabi/6.3.1/../../../arm-none-eabi/lib/thumb/v7-m/libg_nano.a(lib_a-nano-freer.o)
                0x00000000080027c8                _free_r
 .text          0x0000000008002858       0xbc /usr/lib/gcc/arm-none-eabi/6.3.1/../../../arm-none-eabi/lib/thumb/v7-m/libg_nano.a(lib_a-nano-mallocr.o)
                0x0000000008002858                _malloc_r
 .text          0x0000000008002914      0x728 /usr/lib/gcc/arm-none-eabi/6.3.1/../../../arm-none-eabi/lib/thumb/v7-m/libg_nano.a(lib_a-nano-vfprintf_float.o)
                0x0000000008002914                __cvt
                0x0000000008002a10                __exponent
                0x0000000008002aa8                _printf_float
 .text          0x000000000800303c      0x3cc /usr/lib/gcc/arm-none-eabi/6.3.1/../../../arm-none-eabi/lib/thumb/v7-m/libg_nano.a(lib_a-nano-vfprintf_i.o)
                0x000000000800303c                _printf_common
                0x000000000800316c                _printf_i
 .text          0x0000000008003408       0x60 /usr/lib/gcc/arm-none-eabi/6.3.1/../../../arm-none-eabi/lib/thumb/v7-m/libg_nano.a(lib_a-printf.o)
                0x0000000008003408                _printf_r
                0x0000000008003408                _iprintf_r
                0x0000000008003434                printf
                0x0000000008003434                iprintf
 .text          0x0000000008003468       0x4c /usr/lib/gcc/arm-none-eabi/6.3.1/../../../arm-none-eabi/lib/thumb/v7-m/libg_nano.a(lib_a-putchar.o)
                0x0000000008003468                _putchar_r
                0x000000000800348c                putchar
 .text          0x00000000080034b4       0xdc /usr/lib/gcc/arm-none-eabi/6.3.1/../../../arm-none-eabi/lib/thumb/v7-m/libg_nano.a(lib_a-puts.o)
                0x00000000080034b4                _puts_r
                0x0000000008003580                puts
 .text          0x0000000008003590       0x24 /usr/lib/gcc/arm-none-eabi/6.3.1/../../../arm-none-eabi/lib/thumb/v7-m/libg_nano.a(lib_a-sbrkr.o)
                0x0000000008003590                _sbrk_r
 .text          0x00000000080035b4      0x170 /usr/lib/gcc/arm-none-eabi/6.3.1/../../../arm-none-eabi/lib/thumb/v7-m/libg_nano.a(lib_a-signal.o)
                0x00000000080035dc                _init_signal_r
                0x00000000080035e8                _signal_r
                0x0000000008003628                _raise_r
                0x0000000008003688                __sigtramp_r
                0x00000000080036e0                raise
                0x00000000080036f0                signal
                0x0000000008003700                _init_signal
                0x0000000008003714                __sigtramp
 .text          0x0000000008003724       0x2c /usr/lib/gcc/arm-none-eabi/6.3.1/../../../arm-none-eabi/lib/thumb/v7-m/libg_nano.a(lib_a-signalr.o)
                0x0000000008003724                _kill_r
                0x000000000800374c                _getpid_r
 .text          0x0000000008003750       0x5c /usr/lib/gcc/arm-none-eabi/6.3.1/../../../arm-none-eabi/lib/thumb/v7-m/libg_nano.a(lib_a-strlen-stub.o)
                0x0000000008003750                strlen
 .text          0x00000000080037ac       0xc4 /usr/lib/gcc/arm-none-eabi/6.3.1/../../../arm-none-eabi/lib/thumb/v7-m/libg_nano.a(lib_a-wbuf.o)
                0x00000000080037ac                __swbuf_r
                0x0000000008003860                __swbuf
 .text          0x0000000008003870       0xf4 /usr/lib/gcc/arm-none-eabi/6.3.1/../../../arm-none-eabi/lib/thumb/v7-m/libg_nano.a(lib_a-wsetup.o)
                0x0000000008003870                __swsetup_r
 *fill*         0x0000000008003964        0x4 
 .text          0x0000000008003968      0xff4 /usr/lib/gcc/arm-none-eabi/6.3.1/../../../arm-none-eabi/lib/thumb/v7-m/libg_nano.a(lib_a-dtoa.o)
                0x0000000008003a90                _dtoa_r
 .text          0x000000000800495c      0x1a4 /usr/lib/gcc/arm-none-eabi/6.3.1/../../../arm-none-eabi/lib/thumb/v7-m/libg_nano.a(lib_a-fflush.o)
                0x000000000800495c                __sflush_r
                0x0000000008004a78                _fflush_r
                0x0000000008004adc                fflush
 .text          0x0000000008004b00      0x230 /usr/lib/gcc/arm-none-eabi/6.3.1/../../../arm-none-eabi/lib/thumb/v7-m/libg_nano.a(lib_a-findfp.o)
                0x0000000008004b04                _cleanup_r
                0x0000000008004b14                __sfmoreglue
                0x0000000008004b44                __sfp
                0x0000000008004cdc                _cleanup
                0x0000000008004cf0                __sinit
                0x0000000008004cf8                __sfp_lock_acquire
                0x0000000008004cfc                __sfp_lock_release
                0x0000000008004d00                __sinit_lock_acquire
                0x0000000008004d04                __sinit_lock_release
                0x0000000008004d08                __fp_lock_all
                0x0000000008004d1c                __fp_unlock_all
 .text          0x0000000008004d30       0x98 /usr/lib/gcc/arm-none-eabi/6.3.1/../../../arm-none-eabi/lib/thumb/v7-m/libg_nano.a(lib_a-fwalk.o)
                0x0000000008004d30                _fwalk
                0x0000000008004d78                _fwalk_reent
 .text          0x0000000008004dc8       0x80 /usr/lib/gcc/arm-none-eabi/6.3.1/../../../arm-none-eabi/lib/thumb/v7-m/libg_nano.a(lib_a-locale.o)
                0x0000000008004dc8                _setlocale_r
                0x0000000008004e08                __locale_charset
                0x0000000008004e10                __locale_mb_cur_max
                0x0000000008004e1c                __locale_msgcharset
                0x0000000008004e24                __locale_cjk_lang
                0x0000000008004e28                _localeconv_r
                0x0000000008004e30                setlocale
                0x0000000008004e40                localeconv
 .text          0x0000000008004e48       0xe4 /usr/lib/gcc/arm-none-eabi/6.3.1/../../../arm-none-eabi/lib/thumb/v7-m/libg_nano.a(lib_a-makebuf.o)
                0x0000000008004e48                __swhatbuf_r
                0x0000000008004ea4                __smakebuf_r
 .text          0x0000000008004f2c       0x8c /usr/lib/gcc/arm-none-eabi/6.3.1/../../../arm-none-eabi/lib/thumb/v7-m/libg_nano.a(lib_a-memchr-stub.o)
                0x0000000008004f2c                memchr
 .text          0x0000000008004fb8      0x938 /usr/lib/gcc/arm-none-eabi/6.3.1/../../../arm-none-eabi/lib/thumb/v7-m/libg_nano.a(lib_a-mprec.o)
                0x0000000008004fb8                _Balloc
                0x0000000008005020                _Bfree
                0x0000000008005058                __multadd
                0x00000000080050d4                __s2b
                0x0000000008005170                __hi0bits
                0x00000000080051b0                __lo0bits
                0x0000000008005210                __i2b
                0x0000000008005224                __multiply
                0x0000000008005348                __pow5mult
                0x0000000008005400                __lshift
                0x00000000080054a8                __mcmp
                0x00000000080054e0                __mdiff
                0x00000000080055fc                __ulp
                0x0000000008005640                __b2d
                0x0000000008005714                __d2b
                0x00000000080057bc                __ratio
                0x0000000008005814                _mprec_log10
                0x000000000800584c                __copybits
                0x0000000008005894                __any_on
 .text          0x00000000080058f0       0x1c /usr/lib/gcc/arm-none-eabi/6.3.1/../../../arm-none-eabi/lib/thumb/v7-m/libg_nano.a(lib_a-nano-callocr.o)
                0x00000000080058f0                _calloc_r
 .text          0x000000000800590c       0x50 /usr/lib/gcc/arm-none-eabi/6.3.1/../../../arm-none-eabi/lib/thumb/v7-m/libg_nano.a(lib_a-nano-reallocr.o)
                0x000000000800590c                _realloc_r
 .text          0x000000000800595c      0x314 /usr/lib/gcc/arm-none-eabi/6.3.1/../../../arm-none-eabi/lib/thumb/v7-m/libg_nano.a(lib_a-nano-vfprintf.o)
                0x000000000800598c                __sfputs_r
                0x00000000080059b8                __sprint_r
                0x00000000080059d4                _vfiprintf_r
                0x00000000080059d4                _vfprintf_r
                0x0000000008005c58                vfiprintf
                0x0000000008005c58                vfprintf
 .text          0x0000000008005c70       0xe8 /usr/lib/gcc/arm-none-eabi/6.3.1/../../../arm-none-eabi/lib/thumb/v7-m/libg_nano.a(lib_a-putc.o)
                0x0000000008005c70                _putc_r
                0x0000000008005ce0                putc
 .text          0x0000000008005d58       0x8c /usr/lib/gcc/arm-none-eabi/6.3.1/../../../arm-none-eabi/lib/thumb/v7-m/libg_nano.a(lib_a-stdio.o)
                0x0000000008005d58                __sread
                0x0000000008005d7c                __seofread
                0x0000000008005d80                __swrite
                0x0000000008005dbc                __sseek
                0x0000000008005ddc                __sclose
 .text          0x0000000008005de4      0x1bc /usr/lib/gcc/arm-none-eabi/6.3.1/../../../arm-none-eabi/lib/thumb/v7-m/libg_nano.a(lib_a-strcmp.o)
                0x0000000008005de4                strcmp
 .text          0x0000000008005fa0       0x2c /usr/lib/gcc/arm-none-eabi/6.3.1/../../../arm-none-eabi/lib/thumb/v7-m/libg_nano.a(lib_a-writer.o)
                0x0000000008005fa0                _write_r
 .text          0x0000000008005fcc       0x24 /usr/lib/gcc/arm-none-eabi/6.3.1/../../../arm-none-eabi/lib/thumb/v7-m/libg_nano.a(lib_a-closer.o)
                0x0000000008005fcc                _close_r
 .text          0x0000000008005ff0       0x28 /usr/lib/gcc/arm-none-eabi/6.3.1/../../../arm-none-eabi/lib/thumb/v7-m/libg_nano.a(lib_a-fstatr.o)
                0x0000000008005ff0                _fstat_r
 .text          0x0000000008006018      0x2f4 /usr/lib/gcc/arm-none-eabi/6.3.1/../../../arm-none-eabi/lib/thumb/v7-m/libg_nano.a(lib_a-fvwrite.o)
                0x0000000008006018                __sfvwrite_r
 .text          0x000000000800630c       0x24 /usr/lib/gcc/arm-none-eabi/6.3.1/../../../arm-none-eabi/lib/thumb/v7-m/libg_nano.a(lib_a-isattyr.o)
                0x000000000800630c                _isatty_r
 .text          0x0000000008006330       0x2c /usr/lib/gcc/arm-none-eabi/6.3.1/../../../arm-none-eabi/lib/thumb/v7-m/libg_nano.a(lib_a-lseekr.o)
                0x0000000008006330                _lseek_r
 .text          0x000000000800635c       0xc8 /usr/lib/gcc/arm-none-eabi/6.3.1/../../../arm-none-eabi/lib/thumb/v7-m/libg_nano.a(lib_a-memmove.o)
                0x000000000800635c                memmove
 .text          0x0000000008006424       0x14 /usr/lib/gcc/arm-none-eabi/6.3.1/../../../arm-none-eabi/lib/thumb/v7-m/libg_nano.a(lib_a-nano-msizer.o)
                0x0000000008006424                _malloc_usable_size_r
 .text          0x0000000008006438       0x2c /usr/lib/gcc/arm-none-eabi/6.3.1/../../../arm-none-eabi/lib/thumb/v7-m/libg_nano.a(lib_a-readr.o)
                0x0000000008006438                _read_r
 .text          0x0000000008006464       0x2c /usr/lib/gcc/arm-none-eabi/6.3.1/thumb/v7-m/libgcc.a(_arm_unorddf2.o)
                0x0000000008006464                __aeabi_dcmpun
                0x0000000008006464                __unorddf2
 .text          0x0000000008006490       0x50 /usr/lib/gcc/arm-none-eabi/6.3.1/thumb/v7-m/libgcc.a(_arm_fixdfsi.o)
                0x0000000008006490                __fixdfsi
                0x0000000008006490                __aeabi_d2iz
 *(.text*)
 .text.HAL_InitTick
                0x00000000080064e0       0x48 CMakeFiles/HAL_MPU6050_DMP.elf.dir/Drivers/STM32F1xx_HAL_Driver/Src/stm32f1xx_hal.c.obj
                0x00000000080064e0                HAL_InitTick
 .text.HAL_Init
                0x0000000008006528       0x24 CMakeFiles/HAL_MPU6050_DMP.elf.dir/Drivers/STM32F1xx_HAL_Driver/Src/stm32f1xx_hal.c.obj
                0x0000000008006528                HAL_Init
 .text.HAL_IncTick
                0x000000000800654c       0x18 CMakeFiles/HAL_MPU6050_DMP.elf.dir/Drivers/STM32F1xx_HAL_Driver/Src/stm32f1xx_hal.c.obj
                0x000000000800654c                HAL_IncTick
 .text.HAL_GetTick
                0x0000000008006564        0xc CMakeFiles/HAL_MPU6050_DMP.elf.dir/Drivers/STM32F1xx_HAL_Driver/Src/stm32f1xx_hal.c.obj
                0x0000000008006564                HAL_GetTick
 .text.HAL_Delay
                0x0000000008006570       0x24 CMakeFiles/HAL_MPU6050_DMP.elf.dir/Drivers/STM32F1xx_HAL_Driver/Src/stm32f1xx_hal.c.obj
                0x0000000008006570                HAL_Delay
 .text.HAL_NVIC_SetPriorityGrouping
                0x0000000008006594       0x24 CMakeFiles/HAL_MPU6050_DMP.elf.dir/Drivers/STM32F1xx_HAL_Driver/Src/stm32f1xx_hal_cortex.c.obj
                0x0000000008006594                HAL_NVIC_SetPriorityGrouping
 .text.HAL_NVIC_SetPriority
                0x00000000080065b8       0x6c CMakeFiles/HAL_MPU6050_DMP.elf.dir/Drivers/STM32F1xx_HAL_Driver/Src/stm32f1xx_hal_cortex.c.obj
                0x00000000080065b8                HAL_NVIC_SetPriority
 .text.HAL_NVIC_EnableIRQ
                0x0000000008006624       0x1c CMakeFiles/HAL_MPU6050_DMP.elf.dir/Drivers/STM32F1xx_HAL_Driver/Src/stm32f1xx_hal_cortex.c.obj
                0x0000000008006624                HAL_NVIC_EnableIRQ
 .text.HAL_SYSTICK_Config
                0x0000000008006640       0x30 CMakeFiles/HAL_MPU6050_DMP.elf.dir/Drivers/STM32F1xx_HAL_Driver/Src/stm32f1xx_hal_cortex.c.obj
                0x0000000008006640                HAL_SYSTICK_Config
 .text.HAL_DMA_Abort_IT
                0x0000000008006670       0x98 CMakeFiles/HAL_MPU6050_DMP.elf.dir/Drivers/STM32F1xx_HAL_Driver/Src/stm32f1xx_hal_dma.c.obj
                0x0000000008006670                HAL_DMA_Abort_IT
 .text.HAL_GPIO_Init
                0x0000000008006708      0x214 CMakeFiles/HAL_MPU6050_DMP.elf.dir/Drivers/STM32F1xx_HAL_Driver/Src/stm32f1xx_hal_gpio.c.obj
                0x0000000008006708                HAL_GPIO_Init
 .text.HAL_GPIO_DeInit
                0x000000000800691c      0x110 CMakeFiles/HAL_MPU6050_DMP.elf.dir/Drivers/STM32F1xx_HAL_Driver/Src/stm32f1xx_hal_gpio.c.obj
                0x000000000800691c                HAL_GPIO_DeInit
 .text.HAL_GPIO_WritePin
                0x0000000008006a2c        0x8 CMakeFiles/HAL_MPU6050_DMP.elf.dir/Drivers/STM32F1xx_HAL_Driver/Src/stm32f1xx_hal_gpio.c.obj
                0x0000000008006a2c                HAL_GPIO_WritePin
 .text.I2C_RequestMemoryWrite
                0x0000000008006a34      0x19c CMakeFiles/HAL_MPU6050_DMP.elf.dir/Drivers/STM32F1xx_HAL_Driver/Src/stm32f1xx_hal_i2c.c.obj
 .text.I2C_RequestMemoryRead
                0x0000000008006bd0      0x250 CMakeFiles/HAL_MPU6050_DMP.elf.dir/Drivers/STM32F1xx_HAL_Driver/Src/stm32f1xx_hal_i2c.c.obj
 .text.HAL_I2C_Init
                0x0000000008006e20      0x170 CMakeFiles/HAL_MPU6050_DMP.elf.dir/Drivers/STM32F1xx_HAL_Driver/Src/stm32f1xx_hal_i2c.c.obj
                0x0000000008006e20                HAL_I2C_Init
 .text.HAL_I2C_Mem_Write
                0x0000000008006f90      0x1e0 CMakeFiles/HAL_MPU6050_DMP.elf.dir/Drivers/STM32F1xx_HAL_Driver/Src/stm32f1xx_hal_i2c.c.obj
                0x0000000008006f90                HAL_I2C_Mem_Write
 .text.HAL_I2C_Mem_Read
                0x0000000008007170      0x348 CMakeFiles/HAL_MPU6050_DMP.elf.dir/Drivers/STM32F1xx_HAL_Driver/Src/stm32f1xx_hal_i2c.c.obj
                0x0000000008007170                HAL_I2C_Mem_Read
 .text.HAL_RCC_OscConfig
                0x00000000080074b8      0x408 CMakeFiles/HAL_MPU6050_DMP.elf.dir/Drivers/STM32F1xx_HAL_Driver/Src/stm32f1xx_hal_rcc.c.obj
                0x00000000080074b8                HAL_RCC_OscConfig
 .text.HAL_RCC_ClockConfig
                0x00000000080078c0      0x19c CMakeFiles/HAL_MPU6050_DMP.elf.dir/Drivers/STM32F1xx_HAL_Driver/Src/stm32f1xx_hal_rcc.c.obj
                0x00000000080078c0                HAL_RCC_ClockConfig
 .text.HAL_RCC_GetPCLK1Freq
                0x0000000008007a5c       0x20 CMakeFiles/HAL_MPU6050_DMP.elf.dir/Drivers/STM32F1xx_HAL_Driver/Src/stm32f1xx_hal_rcc.c.obj
                0x0000000008007a5c                HAL_RCC_GetPCLK1Freq
 .text.HAL_RCC_GetPCLK2Freq
                0x0000000008007a7c       0x20 CMakeFiles/HAL_MPU6050_DMP.elf.dir/Drivers/STM32F1xx_HAL_Driver/Src/stm32f1xx_hal_rcc.c.obj
                0x0000000008007a7c                HAL_RCC_GetPCLK2Freq
 .text.HAL_UART_Init
                0x0000000008007a9c       0xd4 CMakeFiles/HAL_MPU6050_DMP.elf.dir/Drivers/STM32F1xx_HAL_Driver/Src/stm32f1xx_hal_uart.c.obj
                0x0000000008007a9c                HAL_UART_Init
 .text.HAL_UART_Transmit
                0x0000000008007b70      0x124 CMakeFiles/HAL_MPU6050_DMP.elf.dir/Drivers/STM32F1xx_HAL_Driver/Src/stm32f1xx_hal_uart.c.obj
                0x0000000008007b70                HAL_UART_Transmit
 .text.HAL_UART_TxCpltCallback
                0x0000000008007c94        0x4 CMakeFiles/HAL_MPU6050_DMP.elf.dir/Drivers/STM32F1xx_HAL_Driver/Src/stm32f1xx_hal_uart.c.obj
                0x0000000008007c94                HAL_UART_TxCpltCallback
 .text.HAL_UART_RxCpltCallback
                0x0000000008007c98        0x4 CMakeFiles/HAL_MPU6050_DMP.elf.dir/Drivers/STM32F1xx_HAL_Driver/Src/stm32f1xx_hal_uart.c.obj
                0x0000000008007c98                HAL_UART_RxCpltCallback
 .text.UART_Receive_IT.part.1
                0x0000000008007c9c       0x88 CMakeFiles/HAL_MPU6050_DMP.elf.dir/Drivers/STM32F1xx_HAL_Driver/Src/stm32f1xx_hal_uart.c.obj
 .text.HAL_UART_ErrorCallback
                0x0000000008007d24        0x4 CMakeFiles/HAL_MPU6050_DMP.elf.dir/Drivers/STM32F1xx_HAL_Driver/Src/stm32f1xx_hal_uart.c.obj
                0x0000000008007d24                HAL_UART_ErrorCallback
 .text.HAL_UART_IRQHandler
                0x0000000008007d28      0x18c CMakeFiles/HAL_MPU6050_DMP.elf.dir/Drivers/STM32F1xx_HAL_Driver/Src/stm32f1xx_hal_uart.c.obj
                0x0000000008007d28                HAL_UART_IRQHandler
 .text.UART_DMAAbortOnError
                0x0000000008007eb4       0x14 CMakeFiles/HAL_MPU6050_DMP.elf.dir/Drivers/STM32F1xx_HAL_Driver/Src/stm32f1xx_hal_uart.c.obj
 .text._Z10mapArduinofffff
                0x0000000008007ec8       0x44 CMakeFiles/HAL_MPU6050_DMP.elf.dir/Src/ArduinoWrapper.cpp.obj
                0x0000000008007ec8                mapArduino(float, float, float, float, float)
 .text.__io_putchar
                0x0000000008007f0c       0x24 CMakeFiles/HAL_MPU6050_DMP.elf.dir/Src/ArduinoWrapper.cpp.obj
                0x0000000008007f0c                __io_putchar
 .text._ZN6I2Cdev8readBitsEhhhhPht
                0x0000000008007f30       0x5c CMakeFiles/HAL_MPU6050_DMP.elf.dir/Src/I2Cdev.cpp.obj
                0x0000000008007f30                I2Cdev::readBits(unsigned char, unsigned char, unsigned char, unsigned char, unsigned char*, unsigned short)
 .text._ZN6I2Cdev8readByteEhhPht
                0x0000000008007f8c       0x38 CMakeFiles/HAL_MPU6050_DMP.elf.dir/Src/I2Cdev.cpp.obj
                0x0000000008007f8c                I2Cdev::readByte(unsigned char, unsigned char, unsigned char*, unsigned short)
 .text._ZN6I2Cdev9readBytesEhhhPht
                0x0000000008007fc4       0x40 CMakeFiles/HAL_MPU6050_DMP.elf.dir/Src/I2Cdev.cpp.obj
                0x0000000008007fc4                I2Cdev::readBytes(unsigned char, unsigned char, unsigned char, unsigned char*, unsigned short)
 .text._ZN6I2Cdev9readWordsEhhhPtt
                0x0000000008008004       0x6c CMakeFiles/HAL_MPU6050_DMP.elf.dir/Src/I2Cdev.cpp.obj
                0x0000000008008004                I2Cdev::readWords(unsigned char, unsigned char, unsigned char, unsigned short*, unsigned short)
 .text._ZN6I2Cdev8writeBitEhhhh
                0x0000000008008070       0x80 CMakeFiles/HAL_MPU6050_DMP.elf.dir/Src/I2Cdev.cpp.obj
                0x0000000008008070                I2Cdev::writeBit(unsigned char, unsigned char, unsigned char, unsigned char)
 .text._ZN6I2Cdev9writeBitsEhhhhh
                0x00000000080080f0       0x98 CMakeFiles/HAL_MPU6050_DMP.elf.dir/Src/I2Cdev.cpp.obj
                0x00000000080080f0                I2Cdev::writeBits(unsigned char, unsigned char, unsigned char, unsigned char, unsigned char)
 .text._ZN6I2Cdev9writeByteEhhh
                0x0000000008008188       0x30 CMakeFiles/HAL_MPU6050_DMP.elf.dir/Src/I2Cdev.cpp.obj
                0x0000000008008188                I2Cdev::writeByte(unsigned char, unsigned char, unsigned char)
 .text._ZN6I2Cdev9writeWordEhht
                0x00000000080081b8       0x44 CMakeFiles/HAL_MPU6050_DMP.elf.dir/Src/I2Cdev.cpp.obj
                0x00000000080081b8                I2Cdev::writeWord(unsigned char, unsigned char, unsigned short)
 .text._ZN6I2Cdev10writeBytesEhhhPh
                0x00000000080081fc       0x34 CMakeFiles/HAL_MPU6050_DMP.elf.dir/Src/I2Cdev.cpp.obj
                0x00000000080081fc                I2Cdev::writeBytes(unsigned char, unsigned char, unsigned char, unsigned char*)
 .text._ZN6I2Cdev10writeWordsEhhhPt
                0x0000000008008230       0x6c CMakeFiles/HAL_MPU6050_DMP.elf.dir/Src/I2Cdev.cpp.obj
                0x0000000008008230                I2Cdev::writeWords(unsigned char, unsigned char, unsigned char, unsigned short*)
 .text._ZN7MPU6050C2Eh
                0x000000000800829c        0x4 CMakeFiles/HAL_MPU6050_DMP.elf.dir/Src/MPU6050.cpp.obj
                0x000000000800829c                MPU6050::MPU6050(unsigned char)
                0x000000000800829c                MPU6050::MPU6050(unsigned char)
 .text._ZN7MPU605010initializeEv
                0x00000000080082a0       0x48 CMakeFiles/HAL_MPU6050_DMP.elf.dir/Src/MPU6050.cpp.obj
                0x00000000080082a0                MPU6050::initialize()
 .text._ZN7MPU605014testConnectionEv
                0x00000000080082e8       0x34 CMakeFiles/HAL_MPU6050_DMP.elf.dir/Src/MPU6050.cpp.obj
                0x00000000080082e8                MPU6050::testConnection()
 .text._ZN7MPU605012getIntStatusEv
                0x000000000800831c       0x1c CMakeFiles/HAL_MPU6050_DMP.elf.dir/Src/MPU6050.cpp.obj
                0x000000000800831c                MPU6050::getIntStatus()
 .text._ZN7MPU605020GetCurrentFIFOPacketEPhh
                0x0000000008008338      0x134 CMakeFiles/HAL_MPU6050_DMP.elf.dir/Src/MPU6050.cpp.obj
                0x0000000008008338                MPU6050::GetCurrentFIFOPacket(unsigned char*, unsigned char)
 .text._ZN7MPU605015setXAccelOffsetEs
                0x000000000800846c       0x3c CMakeFiles/HAL_MPU6050_DMP.elf.dir/Src/MPU6050.cpp.obj
                0x000000000800846c                MPU6050::setXAccelOffset(short)
 .text._ZN7MPU605015setYAccelOffsetEs
                0x00000000080084a8       0x3c CMakeFiles/HAL_MPU6050_DMP.elf.dir/Src/MPU6050.cpp.obj
                0x00000000080084a8                MPU6050::setYAccelOffset(short)
 .text._ZN7MPU605015setZAccelOffsetEs
                0x00000000080084e4       0x3c CMakeFiles/HAL_MPU6050_DMP.elf.dir/Src/MPU6050.cpp.obj
                0x00000000080084e4                MPU6050::setZAccelOffset(short)
 .text._ZN7MPU605014setXGyroOffsetEs
                0x0000000008008520        0xc CMakeFiles/HAL_MPU6050_DMP.elf.dir/Src/MPU6050.cpp.obj
                0x0000000008008520                MPU6050::setXGyroOffset(short)
 .text._ZN7MPU605014setYGyroOffsetEs
                0x000000000800852c        0xc CMakeFiles/HAL_MPU6050_DMP.elf.dir/Src/MPU6050.cpp.obj
                0x000000000800852c                MPU6050::setYGyroOffset(short)
 .text._ZN7MPU605014setZGyroOffsetEs
                0x0000000008008538        0xc CMakeFiles/HAL_MPU6050_DMP.elf.dir/Src/MPU6050.cpp.obj
                0x0000000008008538                MPU6050::setZGyroOffset(short)
 .text._ZN7MPU605013setDMPEnabledEb
                0x0000000008008544        0xc CMakeFiles/HAL_MPU6050_DMP.elf.dir/Src/MPU6050.cpp.obj
                0x0000000008008544                MPU6050::setDMPEnabled(bool)
 .text._ZN7MPU605016writeMemoryBlockEPKhthhbb
                0x0000000008008550      0x174 CMakeFiles/HAL_MPU6050_DMP.elf.dir/Src/MPU6050.cpp.obj
                0x0000000008008550                MPU6050::writeMemoryBlock(unsigned char const*, unsigned short, unsigned char, unsigned char, bool, bool)
 .text._ZN7MPU605020writeProgMemoryBlockEPKhthhb
                0x00000000080086c4       0x1c CMakeFiles/HAL_MPU6050_DMP.elf.dir/Src/MPU6050.cpp.obj
                0x00000000080086c4                MPU6050::writeProgMemoryBlock(unsigned char const*, unsigned short, unsigned char, unsigned char, bool)
 .text._ZN7MPU605013CalibrateGyroEh
                0x00000000080086e0      0x318 CMakeFiles/HAL_MPU6050_DMP.elf.dir/Src/MPU6050.cpp.obj
                0x00000000080086e0                MPU6050::CalibrateGyro(unsigned char)
 .text._ZN7MPU605014CalibrateAccelEh
                0x00000000080089f8      0x348 CMakeFiles/HAL_MPU6050_DMP.elf.dir/Src/MPU6050.cpp.obj
                0x00000000080089f8                MPU6050::CalibrateAccel(unsigned char)
 .text._ZN7MPU605018PrintActiveOffsetsEv
                0x0000000008008d40       0xd8 CMakeFiles/HAL_MPU6050_DMP.elf.dir/Src/MPU6050.cpp.obj
                0x0000000008008d40                MPU6050::PrintActiveOffsets()
 .text.MX_GPIO_Init
                0x0000000008008e18       0x44 CMakeFiles/HAL_MPU6050_DMP.elf.dir/Src/gpio.c.obj
                0x0000000008008e18                MX_GPIO_Init
 .text.MX_I2C1_Init
                0x0000000008008e5c       0x40 CMakeFiles/HAL_MPU6050_DMP.elf.dir/Src/i2c.c.obj
                0x0000000008008e5c                MX_I2C1_Init
 .text.HAL_I2C_MspInit
                0x0000000008008e9c       0xf0 CMakeFiles/HAL_MPU6050_DMP.elf.dir/Src/i2c.c.obj
                0x0000000008008e9c                HAL_I2C_MspInit
 .text._ZN7MPU605013dmpInitializeEv
                0x0000000008008f8c      0x158 CMakeFiles/HAL_MPU6050_DMP.elf.dir/Src/main.cpp.obj
                0x0000000008008f8c                MPU6050::dmpInitialize()
 .text._Z18SystemClock_Configv
                0x00000000080090e4       0x54 CMakeFiles/HAL_MPU6050_DMP.elf.dir/Src/main.cpp.obj
                0x00000000080090e4                SystemClock_Config()
 .text.startup.main
                0x0000000008009138      0x408 CMakeFiles/HAL_MPU6050_DMP.elf.dir/Src/main.cpp.obj
                0x0000000008009138                main
 .text.Error_Handler
                0x0000000008009540        0x4 CMakeFiles/HAL_MPU6050_DMP.elf.dir/Src/main.cpp.obj
                0x0000000008009540                Error_Handler
 .text.startup._GLOBAL__sub_I__ZN7MPU605013dmpInitializeEv
                0x0000000008009544       0x64 CMakeFiles/HAL_MPU6050_DMP.elf.dir/Src/main.cpp.obj
 .text.HAL_MspInit
                0x00000000080095a8       0x44 CMakeFiles/HAL_MPU6050_DMP.elf.dir/Src/stm32f1xx_hal_msp.c.obj
                0x00000000080095a8                HAL_MspInit
 .text.NMI_Handler
                0x00000000080095ec        0x4 CMakeFiles/HAL_MPU6050_DMP.elf.dir/Src/stm32f1xx_it.c.obj
                0x00000000080095ec                NMI_Handler
 .text.HardFault_Handler
                0x00000000080095f0        0x4 CMakeFiles/HAL_MPU6050_DMP.elf.dir/Src/stm32f1xx_it.c.obj
                0x00000000080095f0                HardFault_Handler
 .text.MemManage_Handler
                0x00000000080095f4        0x4 CMakeFiles/HAL_MPU6050_DMP.elf.dir/Src/stm32f1xx_it.c.obj
                0x00000000080095f4                MemManage_Handler
 .text.BusFault_Handler
                0x00000000080095f8        0x4 CMakeFiles/HAL_MPU6050_DMP.elf.dir/Src/stm32f1xx_it.c.obj
                0x00000000080095f8                BusFault_Handler
 .text.UsageFault_Handler
                0x00000000080095fc        0x4 CMakeFiles/HAL_MPU6050_DMP.elf.dir/Src/stm32f1xx_it.c.obj
                0x00000000080095fc                UsageFault_Handler
 .text.SVC_Handler
                0x0000000008009600        0x4 CMakeFiles/HAL_MPU6050_DMP.elf.dir/Src/stm32f1xx_it.c.obj
                0x0000000008009600                SVC_Handler
 .text.DebugMon_Handler
                0x0000000008009604        0x4 CMakeFiles/HAL_MPU6050_DMP.elf.dir/Src/stm32f1xx_it.c.obj
                0x0000000008009604                DebugMon_Handler
 .text.PendSV_Handler
                0x0000000008009608        0x4 CMakeFiles/HAL_MPU6050_DMP.elf.dir/Src/stm32f1xx_it.c.obj
                0x0000000008009608                PendSV_Handler
 .text.SysTick_Handler
                0x000000000800960c        0x4 CMakeFiles/HAL_MPU6050_DMP.elf.dir/Src/stm32f1xx_it.c.obj
                0x000000000800960c                SysTick_Handler
 .text.USART1_IRQHandler
                0x0000000008009610        0xc CMakeFiles/HAL_MPU6050_DMP.elf.dir/Src/stm32f1xx_it.c.obj
                0x0000000008009610                USART1_IRQHandler
 .text._getpid  0x000000000800961c        0x4 CMakeFiles/HAL_MPU6050_DMP.elf.dir/Src/syscalls.c.obj
                0x000000000800961c                _getpid
 .text._kill    0x0000000008009620       0x10 CMakeFiles/HAL_MPU6050_DMP.elf.dir/Src/syscalls.c.obj
                0x0000000008009620                _kill
 .text._exit    0x0000000008009630        0xc CMakeFiles/HAL_MPU6050_DMP.elf.dir/Src/syscalls.c.obj
                0x0000000008009630                _exit
 .text._read    0x000000000800963c       0x1c CMakeFiles/HAL_MPU6050_DMP.elf.dir/Src/syscalls.c.obj
                0x000000000800963c                _read
 .text._write   0x0000000008009658       0x1c CMakeFiles/HAL_MPU6050_DMP.elf.dir/Src/syscalls.c.obj
                0x0000000008009658                _write
 .text._sbrk    0x0000000008009674       0x38 CMakeFiles/HAL_MPU6050_DMP.elf.dir/Src/syscalls.c.obj
                0x0000000008009674                _sbrk
 .text._close   0x00000000080096ac        0x8 CMakeFiles/HAL_MPU6050_DMP.elf.dir/Src/syscalls.c.obj
                0x00000000080096ac                _close
 .text._fstat   0x00000000080096b4        0xc CMakeFiles/HAL_MPU6050_DMP.elf.dir/Src/syscalls.c.obj
                0x00000000080096b4                _fstat
 .text._isatty  0x00000000080096c0        0x4 CMakeFiles/HAL_MPU6050_DMP.elf.dir/Src/syscalls.c.obj
                0x00000000080096c0                _isatty
 .text._lseek   0x00000000080096c4        0x4 CMakeFiles/HAL_MPU6050_DMP.elf.dir/Src/syscalls.c.obj
                0x00000000080096c4                _lseek
 .text.SystemInit
                0x00000000080096c8       0x50 CMakeFiles/HAL_MPU6050_DMP.elf.dir/Src/system_stm32f1xx.c.obj
                0x00000000080096c8                SystemInit
 .text.MX_USART1_UART_Init
                0x0000000008009718       0x38 CMakeFiles/HAL_MPU6050_DMP.elf.dir/Src/usart.c.obj
                0x0000000008009718                MX_USART1_UART_Init
 .text.HAL_UART_MspInit
                0x0000000008009750       0x94 CMakeFiles/HAL_MPU6050_DMP.elf.dir/Src/usart.c.obj
                0x0000000008009750                HAL_UART_MspInit
 .text.Reset_Handler
                0x00000000080097e4       0x48 CMakeFiles/HAL_MPU6050_DMP.elf.dir/startup/startup_stm32f103xb.s.obj
                0x00000000080097e4                Reset_Handler
 .text.Default_Handler
                0x000000000800982c        0x2 CMakeFiles/HAL_MPU6050_DMP.elf.dir/startup/startup_stm32f103xb.s.obj
                0x000000000800982c                RTC_Alarm_IRQHandler
                0x000000000800982c                EXTI2_IRQHandler
                0x000000000800982c                TIM1_CC_IRQHandler
                0x000000000800982c                PVD_IRQHandler
                0x000000000800982c                EXTI3_IRQHandler
                0x000000000800982c                EXTI0_IRQHandler
                0x000000000800982c                I2C2_EV_IRQHandler
                0x000000000800982c                ADC1_2_IRQHandler
                0x000000000800982c                SPI1_IRQHandler
                0x000000000800982c                TAMPER_IRQHandler
                0x000000000800982c                DMA1_Channel4_IRQHandler
                0x000000000800982c                USART3_IRQHandler
                0x000000000800982c                RTC_IRQHandler
                0x000000000800982c                DMA1_Channel7_IRQHandler
                0x000000000800982c                CAN1_RX1_IRQHandler
                0x000000000800982c                TIM4_IRQHandler
                0x000000000800982c                I2C1_EV_IRQHandler
                0x000000000800982c                DMA1_Channel6_IRQHandler
                0x000000000800982c                TIM3_IRQHandler
                0x000000000800982c                RCC_IRQHandler
                0x000000000800982c                TIM1_TRG_COM_IRQHandler
                0x000000000800982c                DMA1_Channel1_IRQHandler
                0x000000000800982c                Default_Handler
                0x000000000800982c                EXTI15_10_IRQHandler
                0x000000000800982c                EXTI9_5_IRQHandler
                0x000000000800982c                SPI2_IRQHandler
                0x000000000800982c                DMA1_Channel5_IRQHandler
                0x000000000800982c                EXTI4_IRQHandler
                0x000000000800982c                USB_LP_CAN1_RX0_IRQHandler
                0x000000000800982c                USB_HP_CAN1_TX_IRQHandler
                0x000000000800982c                DMA1_Channel3_IRQHandler
                0x000000000800982c                TIM1_UP_IRQHandler
                0x000000000800982c                WWDG_IRQHandler
                0x000000000800982c                TIM2_IRQHandler
                0x000000000800982c                TIM1_BRK_IRQHandler
                0x000000000800982c                EXTI1_IRQHandler
                0x000000000800982c                USART2_IRQHandler
                0x000000000800982c                I2C2_ER_IRQHandler
                0x000000000800982c                DMA1_Channel2_IRQHandler
                0x000000000800982c                CAN1_SCE_IRQHandler
                0x000000000800982c                FLASH_IRQHandler
                0x000000000800982c                I2C1_ER_IRQHandler
                0x000000000800982c                USBWakeUp_IRQHandler
 *(.glue_7)
 .glue_7        0x000000000800982e        0x0 linker stubs
 *(.glue_7t)
 .glue_7t       0x000000000800982e        0x0 linker stubs
 *(.eh_frame)
 *fill*         0x000000000800982e        0x2 
 .eh_frame      0x0000000008009830        0x0 /usr/lib/gcc/arm-none-eabi/6.3.1/thumb/v7-m/crtbegin.o
 *(.init)
 .init          0x0000000008009830        0x4 /usr/lib/gcc/arm-none-eabi/6.3.1/thumb/v7-m/crti.o
                0x0000000008009830                _init
 .init          0x0000000008009834        0x8 /usr/lib/gcc/arm-none-eabi/6.3.1/thumb/v7-m/crtn.o
 *(.fini)
 .fini          0x000000000800983c        0x4 /usr/lib/gcc/arm-none-eabi/6.3.1/thumb/v7-m/crti.o
                0x000000000800983c                _fini
 .fini          0x0000000008009840        0x8 /usr/lib/gcc/arm-none-eabi/6.3.1/thumb/v7-m/crtn.o
                0x0000000008009848                . = ALIGN (0x4)
                0x0000000008009848                _etext = .

.vfp11_veneer   0x0000000008009848        0x0
 .vfp11_veneer  0x0000000008009848        0x0 linker stubs

.v4_bx          0x0000000008009848        0x0
 .v4_bx         0x0000000008009848        0x0 linker stubs

.iplt           0x0000000008009848        0x0
 .iplt          0x0000000008009848        0x0 /usr/lib/gcc/arm-none-eabi/6.3.1/thumb/v7-m/crtbegin.o

.rodata         0x0000000008009848     0x1008
                0x0000000008009848                . = ALIGN (0x4)
 *(.rodata)
 .rodata        0x0000000008009848       0x10 CMakeFiles/HAL_MPU6050_DMP.elf.dir/Drivers/STM32F1xx_HAL_Driver/Src/stm32f1xx_hal_rcc.c.obj
 .rodata        0x0000000008009858       0x20 /usr/lib/gcc/arm-none-eabi/6.3.1/../../../arm-none-eabi/lib/thumb/v7-m/libm.a(lib_a-sf_atan.o)
 .rodata        0x0000000008009878        0x4 /usr/lib/gcc/arm-none-eabi/6.3.1/../../../arm-none-eabi/lib/thumb/v7-m/libg_nano.a(lib_a-impure.o)
                0x0000000008009878                _global_impure_ptr
 .rodata        0x000000000800987c       0x60 /usr/lib/gcc/arm-none-eabi/6.3.1/../../../arm-none-eabi/lib/thumb/v7-m/libg_nano.a(lib_a-findfp.o)
                0x000000000800987c                __sf_fake_stderr
                0x000000000800989c                __sf_fake_stdout
                0x00000000080098bc                __sf_fake_stdin
 *fill*         0x00000000080098dc        0x4 
 .rodata        0x00000000080098e0      0x128 /usr/lib/gcc/arm-none-eabi/6.3.1/../../../arm-none-eabi/lib/thumb/v7-m/libg_nano.a(lib_a-mprec.o)
                0x00000000080098f0                __mprec_tens
                0x00000000080099b8                __mprec_tinytens
                0x00000000080099e0                __mprec_bigtens
 *(.rodata*)
 .rodata._ZN7MPU605013CalibrateGyroEh.str1.4
                0x0000000008009a08       0x22 CMakeFiles/HAL_MPU6050_DMP.elf.dir/Src/MPU6050.cpp.obj
                                         0x26 (size before relaxing)
 *fill*         0x0000000008009a2a        0x2 
 .rodata._ZN7MPU605018PrintActiveOffsetsEv.str1.4
                0x0000000008009a2c       0x68 CMakeFiles/HAL_MPU6050_DMP.elf.dir/Src/MPU6050.cpp.obj
 .rodata._ZN7MPU605020GetCurrentFIFOPacketEPhh.str1.4
                0x0000000008009a94       0x24 CMakeFiles/HAL_MPU6050_DMP.elf.dir/Src/MPU6050.cpp.obj
 .rodata._ZL9dmpMemory
                0x0000000008009ab8      0xbf6 CMakeFiles/HAL_MPU6050_DMP.elf.dir/Src/main.cpp.obj
 *fill*         0x000000000800a6ae        0x2 
 .rodata.main.str1.4
                0x000000000800a6b0      0x114 CMakeFiles/HAL_MPU6050_DMP.elf.dir/Src/main.cpp.obj
 .rodata.AHBPrescTable
                0x000000000800a7c4       0x10 CMakeFiles/HAL_MPU6050_DMP.elf.dir/Src/system_stm32f1xx.c.obj
                0x000000000800a7c4                AHBPrescTable
 .rodata.APBPrescTable
                0x000000000800a7d4        0x8 CMakeFiles/HAL_MPU6050_DMP.elf.dir/Src/system_stm32f1xx.c.obj
                0x000000000800a7d4                APBPrescTable
 .rodata.str1.4
                0x000000000800a7dc        0x6 /usr/lib/gcc/arm-none-eabi/6.3.1/../../../arm-none-eabi/lib/thumb/v7-m/libm.a(lib_a-wf_sqrt.o)
 *fill*         0x000000000800a7e2        0x2 
 .rodata.str1.4
                0x000000000800a7e4        0x2 /usr/lib/gcc/arm-none-eabi/6.3.1/../../../arm-none-eabi/lib/thumb/v7-m/libg_nano.a(lib_a-impure.o)
 *fill*         0x000000000800a7e6        0x2 
 .rodata.str1.4
                0x000000000800a7e8       0x12 /usr/lib/gcc/arm-none-eabi/6.3.1/../../../arm-none-eabi/lib/thumb/v7-m/libg_nano.a(lib_a-nano-vfprintf_float.o)
 *fill*         0x000000000800a7fa        0x2 
 .rodata.str1.4
                0x000000000800a7fc       0x25 /usr/lib/gcc/arm-none-eabi/6.3.1/../../../arm-none-eabi/lib/thumb/v7-m/libg_nano.a(lib_a-nano-vfprintf_i.o)
 *fill*         0x000000000800a821        0x3 
 .rodata.str1.4
                0x000000000800a824       0x10 /usr/lib/gcc/arm-none-eabi/6.3.1/../../../arm-none-eabi/lib/thumb/v7-m/libg_nano.a(lib_a-dtoa.o)
                                         0x12 (size before relaxing)
 .rodata.str1.4
                0x000000000800a834        0x6 /usr/lib/gcc/arm-none-eabi/6.3.1/../../../arm-none-eabi/lib/thumb/v7-m/libg_nano.a(lib_a-locale.o)
                                         0x12 (size before relaxing)
 *fill*         0x000000000800a83a        0x2 
 .rodata.str1.4
                0x000000000800a83c       0x14 /usr/lib/gcc/arm-none-eabi/6.3.1/../../../arm-none-eabi/lib/thumb/v7-m/libg_nano.a(lib_a-nano-vfprintf.o)
                                         0x13 (size before relaxing)
                0x000000000800a850                . = ALIGN (0x4)

.ARM.extab      0x000000000800a850       0x18
 *(.ARM.extab* .gnu.linkonce.armextab.*)
 .ARM.extab     0x000000000800a850       0x18 /usr/lib/gcc/arm-none-eabi/6.3.1/thumb/v7-m/libgcc.a(pr-support.o)

.ARM            0x000000000800a868      0x198
                0x000000000800a868                __exidx_start = .
 *(.ARM.exidx*)
 .ARM.exidx.text._Z10mapArduinofffff
                0x000000000800a920        0x0 CMakeFiles/HAL_MPU6050_DMP.elf.dir/Src/ArduinoWrapper.cpp.obj
                                          0x8 (size before relaxing)
 .ARM.exidx.text.__io_putchar
                0x000000000800a920        0x8 CMakeFiles/HAL_MPU6050_DMP.elf.dir/Src/ArduinoWrapper.cpp.obj
 .ARM.exidx.text._ZN6I2Cdev8readBitsEhhhhPht
                0x000000000800a928        0x8 CMakeFiles/HAL_MPU6050_DMP.elf.dir/Src/I2Cdev.cpp.obj
 .ARM.exidx.text._ZN6I2Cdev8readByteEhhPht
                0x000000000800a930        0x8 CMakeFiles/HAL_MPU6050_DMP.elf.dir/Src/I2Cdev.cpp.obj
 .ARM.exidx.text._ZN6I2Cdev9readBytesEhhhPht
                0x000000000800a938        0x8 CMakeFiles/HAL_MPU6050_DMP.elf.dir/Src/I2Cdev.cpp.obj
 .ARM.exidx.text._ZN6I2Cdev9readWordsEhhhPtt
                0x000000000800a940        0x8 CMakeFiles/HAL_MPU6050_DMP.elf.dir/Src/I2Cdev.cpp.obj
 .ARM.exidx.text._ZN6I2Cdev8writeBitEhhhh
                0x000000000800a948        0x8 CMakeFiles/HAL_MPU6050_DMP.elf.dir/Src/I2Cdev.cpp.obj
 .ARM.exidx.text._ZN6I2Cdev9writeBitsEhhhhh
                0x000000000800a950        0x8 CMakeFiles/HAL_MPU6050_DMP.elf.dir/Src/I2Cdev.cpp.obj
 .ARM.exidx.text._ZN6I2Cdev9writeByteEhhh
                0x000000000800a958        0x8 CMakeFiles/HAL_MPU6050_DMP.elf.dir/Src/I2Cdev.cpp.obj
 .ARM.exidx.text._ZN6I2Cdev9writeWordEhht
                0x000000000800a960        0x8 CMakeFiles/HAL_MPU6050_DMP.elf.dir/Src/I2Cdev.cpp.obj
 .ARM.exidx.text._ZN6I2Cdev10writeBytesEhhhPh
                0x000000000800a968        0x8 CMakeFiles/HAL_MPU6050_DMP.elf.dir/Src/I2Cdev.cpp.obj
 .ARM.exidx.text._ZN6I2Cdev10writeWordsEhhhPt
                0x000000000800a970        0x8 CMakeFiles/HAL_MPU6050_DMP.elf.dir/Src/I2Cdev.cpp.obj
 .ARM.exidx.text._ZN7MPU6050C2Eh
                0x000000000800a978        0x8 CMakeFiles/HAL_MPU6050_DMP.elf.dir/Src/MPU6050.cpp.obj
 .ARM.exidx.text._ZN7MPU605010initializeEv
                0x000000000800a980        0x8 CMakeFiles/HAL_MPU6050_DMP.elf.dir/Src/MPU6050.cpp.obj
 .ARM.exidx.text._ZN7MPU605014testConnectionEv
                0x000000000800a988        0x8 CMakeFiles/HAL_MPU6050_DMP.elf.dir/Src/MPU6050.cpp.obj
 .ARM.exidx.text._ZN7MPU605012getIntStatusEv
                0x000000000800a990        0x8 CMakeFiles/HAL_MPU6050_DMP.elf.dir/Src/MPU6050.cpp.obj
 .ARM.exidx.text._ZN7MPU605020GetCurrentFIFOPacketEPhh
                0x000000000800a998        0x8 CMakeFiles/HAL_MPU6050_DMP.elf.dir/Src/MPU6050.cpp.obj
 .ARM.exidx.text._ZN7MPU605015setXAccelOffsetEs
                0x000000000800a9a0        0x8 CMakeFiles/HAL_MPU6050_DMP.elf.dir/Src/MPU6050.cpp.obj
 .ARM.exidx.text._ZN7MPU605015setYAccelOffsetEs
                0x000000000800a9a8        0x0 CMakeFiles/HAL_MPU6050_DMP.elf.dir/Src/MPU6050.cpp.obj
                                          0x8 (size before relaxing)
 .ARM.exidx.text._ZN7MPU605015setZAccelOffsetEs
                0x000000000800a9a8        0x0 CMakeFiles/HAL_MPU6050_DMP.elf.dir/Src/MPU6050.cpp.obj
                                          0x8 (size before relaxing)
 .ARM.exidx.text._ZN7MPU605014setXGyroOffsetEs
                0x000000000800a9a8        0x8 CMakeFiles/HAL_MPU6050_DMP.elf.dir/Src/MPU6050.cpp.obj
 .ARM.exidx.text._ZN7MPU605014setYGyroOffsetEs
                0x000000000800a9b0        0x0 CMakeFiles/HAL_MPU6050_DMP.elf.dir/Src/MPU6050.cpp.obj
                                          0x8 (size before relaxing)
 .ARM.exidx.text._ZN7MPU605014setZGyroOffsetEs
                0x000000000800a9b0        0x0 CMakeFiles/HAL_MPU6050_DMP.elf.dir/Src/MPU6050.cpp.obj
                                          0x8 (size before relaxing)
 .ARM.exidx.text._ZN7MPU605013setDMPEnabledEb
                0x000000000800a9b0        0x0 CMakeFiles/HAL_MPU6050_DMP.elf.dir/Src/MPU6050.cpp.obj
                                          0x8 (size before relaxing)
 .ARM.exidx.text._ZN7MPU605016writeMemoryBlockEPKhthhbb
                0x000000000800a9b0        0x8 CMakeFiles/HAL_MPU6050_DMP.elf.dir/Src/MPU6050.cpp.obj
 .ARM.exidx.text._ZN7MPU605020writeProgMemoryBlockEPKhthhb
                0x000000000800a9b8        0x8 CMakeFiles/HAL_MPU6050_DMP.elf.dir/Src/MPU6050.cpp.obj
 .ARM.exidx.text._ZN7MPU605013CalibrateGyroEh
                0x000000000800a9c0        0x8 CMakeFiles/HAL_MPU6050_DMP.elf.dir/Src/MPU6050.cpp.obj
 .ARM.exidx.text._ZN7MPU605014CalibrateAccelEh
                0x000000000800a9c8        0x8 CMakeFiles/HAL_MPU6050_DMP.elf.dir/Src/MPU6050.cpp.obj
 .ARM.exidx.text._ZN7MPU605018PrintActiveOffsetsEv
                0x000000000800a9d0       0x10 CMakeFiles/HAL_MPU6050_DMP.elf.dir/Src/MPU6050.cpp.obj
                                          0x8 (size before relaxing)
 .ARM.exidx.text._ZN7MPU605013dmpInitializeEv
                0x000000000800a9e0        0x8 CMakeFiles/HAL_MPU6050_DMP.elf.dir/Src/main.cpp.obj
 .ARM.exidx.text._Z18SystemClock_Configv
                0x000000000800a9e8        0x8 CMakeFiles/HAL_MPU6050_DMP.elf.dir/Src/main.cpp.obj
 .ARM.exidx.text.startup.main
                0x000000000800a9f0        0x8 CMakeFiles/HAL_MPU6050_DMP.elf.dir/Src/main.cpp.obj
 .ARM.exidx.text.Error_Handler
                0x000000000800a9f8        0x8 CMakeFiles/HAL_MPU6050_DMP.elf.dir/Src/main.cpp.obj
 .ARM.exidx.text.startup._GLOBAL__sub_I__ZN7MPU605013dmpInitializeEv
                0x000000000800aa00        0x0 CMakeFiles/HAL_MPU6050_DMP.elf.dir/Src/main.cpp.obj
                                          0x8 (size before relaxing)
 .ARM.exidx     0x000000000800a868       0x80 /usr/lib/gcc/arm-none-eabi/6.3.1/thumb/v7-m/libgcc.a(unwind-arm.o)
                                         0xd8 (size before relaxing)
 .ARM.exidx     0x000000000800a8e8       0x38 /usr/lib/gcc/arm-none-eabi/6.3.1/thumb/v7-m/libgcc.a(pr-support.o)
                                         0x48 (size before relaxing)
                0x000000000800aa00                __exidx_end = .

.rel.dyn        0x000000000800aa00        0x0
 .rel.iplt      0x000000000800aa00        0x0 /usr/lib/gcc/arm-none-eabi/6.3.1/thumb/v7-m/crtbegin.o

.preinit_array  0x000000000800aa00        0x0
                0x000000000800aa00                PROVIDE (__preinit_array_start, .)
 *(.preinit_array*)
                0x000000000800aa00                PROVIDE (__preinit_array_end, .)

.init_array     0x000000000800aa00        0x8
                0x000000000800aa00                PROVIDE (__init_array_start, .)
 *(SORT(.init_array.*))
 *(.init_array*)
 .init_array    0x000000000800aa00        0x4 /usr/lib/gcc/arm-none-eabi/6.3.1/thumb/v7-m/crtbegin.o
 .init_array    0x000000000800aa04        0x4 CMakeFiles/HAL_MPU6050_DMP.elf.dir/Src/main.cpp.obj
                0x000000000800aa08                PROVIDE (__init_array_end, .)

.fini_array     0x000000000800aa08        0x4
                0x000000000800aa08                PROVIDE (__fini_array_start, .)
 *(SORT(.fini_array.*))
 *(.fini_array*)
 .fini_array    0x000000000800aa08        0x4 /usr/lib/gcc/arm-none-eabi/6.3.1/thumb/v7-m/crtbegin.o
                0x000000000800aa0c                PROVIDE (__fini_array_end, .)
                0x000000000800aa0c                _sidata = LOADADDR (.data)

.data           0x0000000020000000       0xf4 load address 0x000000000800aa0c
                0x0000000020000000                . = ALIGN (0x4)
                0x0000000020000000                _sdata = .
 *(.data)
 .data          0x0000000020000000        0x1 /usr/lib/gcc/arm-none-eabi/6.3.1/../../../arm-none-eabi/lib/thumb/v7-m/libm.a(lib_a-s_lib_ver.o)
                0x0000000020000000                __fdlib_version
 *fill*         0x0000000020000001        0x3 
 .data          0x0000000020000004       0x64 /usr/lib/gcc/arm-none-eabi/6.3.1/../../../arm-none-eabi/lib/thumb/v7-m/libg_nano.a(lib_a-impure.o)
                0x0000000020000004                _impure_ptr
 .data          0x0000000020000068       0x7c /usr/lib/gcc/arm-none-eabi/6.3.1/../../../arm-none-eabi/lib/thumb/v7-m/libg_nano.a(lib_a-locale.o)
                0x0000000020000088                __mb_cur_max
 *(.data*)
 .data.uwTickFreq
                0x00000000200000e4        0x1 CMakeFiles/HAL_MPU6050_DMP.elf.dir/Drivers/STM32F1xx_HAL_Driver/Src/stm32f1xx_hal.c.obj
                0x00000000200000e4                uwTickFreq
 *fill*         0x00000000200000e5        0x3 
 .data.uwTickPrio
                0x00000000200000e8        0x4 CMakeFiles/HAL_MPU6050_DMP.elf.dir/Drivers/STM32F1xx_HAL_Driver/Src/stm32f1xx_hal.c.obj
                0x00000000200000e8                uwTickPrio
 .data._ZN6I2Cdev11readTimeoutE
                0x00000000200000ec        0x2 CMakeFiles/HAL_MPU6050_DMP.elf.dir/Src/I2Cdev.cpp.obj
                0x00000000200000ec                I2Cdev::readTimeout
 *fill*         0x00000000200000ee        0x2 
 .data.SystemCoreClock
                0x00000000200000f0        0x4 CMakeFiles/HAL_MPU6050_DMP.elf.dir/Src/system_stm32f1xx.c.obj
                0x00000000200000f0                SystemCoreClock
                0x00000000200000f4                . = ALIGN (0x4)
                0x00000000200000f4                _edata = .

.jcr            0x00000000200000f4        0x0 load address 0x000000000800ab00
 .jcr           0x00000000200000f4        0x0 /usr/lib/gcc/arm-none-eabi/6.3.1/thumb/v7-m/crtbegin.o

.tm_clone_table
                0x00000000200000f4        0x0 load address 0x000000000800ab00
 .tm_clone_table
                0x00000000200000f4        0x0 /usr/lib/gcc/arm-none-eabi/6.3.1/thumb/v7-m/crtbegin.o
 .tm_clone_table
                0x00000000200000f4        0x0 /usr/lib/gcc/arm-none-eabi/6.3.1/thumb/v7-m/crtend.o

.igot.plt       0x00000000200000f4        0x0 load address 0x000000000800ab00
 .igot.plt      0x00000000200000f4        0x0 /usr/lib/gcc/arm-none-eabi/6.3.1/thumb/v7-m/crtbegin.o
                0x00000000200000f4                . = ALIGN (0x4)

.bss            0x00000000200000f4      0x168 load address 0x000000000800ab00
                0x00000000200000f4                _sbss = .
                0x00000000200000f4                __bss_start__ = _sbss
 *(.bss)
 .bss           0x00000000200000f4       0x1c /usr/lib/gcc/arm-none-eabi/6.3.1/thumb/v7-m/crtbegin.o
 .bss           0x0000000020000110        0x8 /usr/lib/gcc/arm-none-eabi/6.3.1/../../../arm-none-eabi/lib/thumb/v7-m/libg_nano.a(lib_a-nano-mallocr.o)
                0x0000000020000110                __malloc_free_list
                0x0000000020000114                __malloc_sbrk_start
 *(.bss*)
 .bss.uwTick    0x0000000020000118        0x4 CMakeFiles/HAL_MPU6050_DMP.elf.dir/Drivers/STM32F1xx_HAL_Driver/Src/stm32f1xx_hal.c.obj
                0x0000000020000118                uwTick
 .bss.hi2c1     0x000000002000011c       0x54 CMakeFiles/HAL_MPU6050_DMP.elf.dir/Src/i2c.c.obj
                0x000000002000011c                hi2c1
 .bss.aa        0x0000000020000170        0x6 CMakeFiles/HAL_MPU6050_DMP.elf.dir/Src/main.cpp.obj
                0x0000000020000170                aa
 *fill*         0x0000000020000176        0x2 
 .bss.aaReal    0x0000000020000178        0x6 CMakeFiles/HAL_MPU6050_DMP.elf.dir/Src/main.cpp.obj
                0x0000000020000178                aaReal
 *fill*         0x000000002000017e        0x2 
 .bss.aaWorld   0x0000000020000180        0x6 CMakeFiles/HAL_MPU6050_DMP.elf.dir/Src/main.cpp.obj
                0x0000000020000180                aaWorld
 .bss.devStatus
                0x0000000020000186        0x1 CMakeFiles/HAL_MPU6050_DMP.elf.dir/Src/main.cpp.obj
                0x0000000020000186                devStatus
 .bss.dmpReady  0x0000000020000187        0x1 CMakeFiles/HAL_MPU6050_DMP.elf.dir/Src/main.cpp.obj
                0x0000000020000187                dmpReady
 .bss.fifoBuffer
                0x0000000020000188       0x40 CMakeFiles/HAL_MPU6050_DMP.elf.dir/Src/main.cpp.obj
                0x0000000020000188                fifoBuffer
 .bss.gravity   0x00000000200001c8        0xc CMakeFiles/HAL_MPU6050_DMP.elf.dir/Src/main.cpp.obj
                0x00000000200001c8                gravity
 .bss.gy        0x00000000200001d4        0x6 CMakeFiles/HAL_MPU6050_DMP.elf.dir/Src/main.cpp.obj
                0x00000000200001d4                gy
 *fill*         0x00000000200001da        0x2 
 .bss.mpu       0x00000000200001dc       0x18 CMakeFiles/HAL_MPU6050_DMP.elf.dir/Src/main.cpp.obj
                0x00000000200001dc                mpu
 .bss.mpuIntStatus
                0x00000000200001f4        0x1 CMakeFiles/HAL_MPU6050_DMP.elf.dir/Src/main.cpp.obj
                0x00000000200001f4                mpuIntStatus
 *fill*         0x00000000200001f5        0x1 
 .bss.packetSize
                0x00000000200001f6        0x2 CMakeFiles/HAL_MPU6050_DMP.elf.dir/Src/main.cpp.obj
                0x00000000200001f6                packetSize
 .bss.q         0x00000000200001f8       0x10 CMakeFiles/HAL_MPU6050_DMP.elf.dir/Src/main.cpp.obj
                0x00000000200001f8                q
 .bss.ypr       0x0000000020000208        0xc CMakeFiles/HAL_MPU6050_DMP.elf.dir/Src/main.cpp.obj
                0x0000000020000208                ypr
 .bss.heap_end.5862
                0x0000000020000214        0x4 CMakeFiles/HAL_MPU6050_DMP.elf.dir/Src/syscalls.c.obj
 .bss.huart1    0x0000000020000218       0x40 CMakeFiles/HAL_MPU6050_DMP.elf.dir/Src/usart.c.obj
                0x0000000020000218                huart1
 *(COMMON)
 COMMON         0x0000000020000258        0x4 /usr/lib/gcc/arm-none-eabi/6.3.1/../../../arm-none-eabi/lib/thumb/v7-m/libg_nano.a(lib_a-reent.o)
                0x0000000020000258                errno
                0x000000002000025c                . = ALIGN (0x4)
                0x000000002000025c                _ebss = .
                0x000000002000025c                __bss_end__ = _ebss

._user_heap_stack
                0x000000002000025c      0x904 load address 0x000000000800ab00
                0x0000000020000260                . = ALIGN (0x8)
 *fill*         0x000000002000025c        0x4 
                0x0000000020000260                PROVIDE (end, .)
                [!provide]                        PROVIDE (_end, .)
                0x0000000020000560                . = (. + _Min_Heap_Size)
 *fill*         0x0000000020000260      0x300 
                0x0000000020000b60                . = (. + _Min_Stack_Size)
 *fill*         0x0000000020000560      0x600 
                0x0000000020000b60                . = ALIGN (0x8)

/DISCARD/
 libc.a(*)
 libm.a(*)
 libgcc.a(*)

.ARM.attributes
                0x0000000000000000       0x29
 *(.ARM.attributes)
 .ARM.attributes
                0x0000000000000000       0x1d /usr/lib/gcc/arm-none-eabi/6.3.1/thumb/v7-m/crti.o
 .ARM.attributes
                0x000000000000001d       0x2d /usr/lib/gcc/arm-none-eabi/6.3.1/thumb/v7-m/crtbegin.o
 .ARM.attributes
                0x000000000000004a       0x33 CMakeFiles/HAL_MPU6050_DMP.elf.dir/Drivers/STM32F1xx_HAL_Driver/Src/stm32f1xx_hal.c.obj
 .ARM.attributes
                0x000000000000007d       0x33 CMakeFiles/HAL_MPU6050_DMP.elf.dir/Drivers/STM32F1xx_HAL_Driver/Src/stm32f1xx_hal_cortex.c.obj
 .ARM.attributes
                0x00000000000000b0       0x33 CMakeFiles/HAL_MPU6050_DMP.elf.dir/Drivers/STM32F1xx_HAL_Driver/Src/stm32f1xx_hal_dma.c.obj
 .ARM.attributes
                0x00000000000000e3       0x33 CMakeFiles/HAL_MPU6050_DMP.elf.dir/Drivers/STM32F1xx_HAL_Driver/Src/stm32f1xx_hal_gpio.c.obj
 .ARM.attributes
                0x0000000000000116       0x33 CMakeFiles/HAL_MPU6050_DMP.elf.dir/Drivers/STM32F1xx_HAL_Driver/Src/stm32f1xx_hal_i2c.c.obj
 .ARM.attributes
                0x0000000000000149       0x33 CMakeFiles/HAL_MPU6050_DMP.elf.dir/Drivers/STM32F1xx_HAL_Driver/Src/stm32f1xx_hal_rcc.c.obj
 .ARM.attributes
                0x000000000000017c       0x33 CMakeFiles/HAL_MPU6050_DMP.elf.dir/Drivers/STM32F1xx_HAL_Driver/Src/stm32f1xx_hal_uart.c.obj
 .ARM.attributes
                0x00000000000001af       0x33 CMakeFiles/HAL_MPU6050_DMP.elf.dir/Src/ArduinoWrapper.cpp.obj
 .ARM.attributes
                0x00000000000001e2       0x33 CMakeFiles/HAL_MPU6050_DMP.elf.dir/Src/I2Cdev.cpp.obj
 .ARM.attributes
                0x0000000000000215       0x33 CMakeFiles/HAL_MPU6050_DMP.elf.dir/Src/MPU6050.cpp.obj
 .ARM.attributes
                0x0000000000000248       0x33 CMakeFiles/HAL_MPU6050_DMP.elf.dir/Src/gpio.c.obj
 .ARM.attributes
                0x000000000000027b       0x33 CMakeFiles/HAL_MPU6050_DMP.elf.dir/Src/i2c.c.obj
 .ARM.attributes
                0x00000000000002ae       0x33 CMakeFiles/HAL_MPU6050_DMP.elf.dir/Src/main.cpp.obj
 .ARM.attributes
                0x00000000000002e1       0x33 CMakeFiles/HAL_MPU6050_DMP.elf.dir/Src/stm32f1xx_hal_msp.c.obj
 .ARM.attributes
                0x0000000000000314       0x33 CMakeFiles/HAL_MPU6050_DMP.elf.dir/Src/stm32f1xx_it.c.obj
 .ARM.attributes
                0x0000000000000347       0x33 CMakeFiles/HAL_MPU6050_DMP.elf.dir/Src/syscalls.c.obj
 .ARM.attributes
                0x000000000000037a       0x33 CMakeFiles/HAL_MPU6050_DMP.elf.dir/Src/system_stm32f1xx.c.obj
 .ARM.attributes
                0x00000000000003ad       0x33 CMakeFiles/HAL_MPU6050_DMP.elf.dir/Src/usart.c.obj
 .ARM.attributes
                0x00000000000003e0       0x21 CMakeFiles/HAL_MPU6050_DMP.elf.dir/startup/startup_stm32f103xb.s.obj
 .ARM.attributes
                0x0000000000000401       0x2d /usr/lib/gcc/arm-none-eabi/6.3.1/../../../arm-none-eabi/lib/thumb/v7-m/libm.a(lib_a-sf_round.o)
 .ARM.attributes
                0x000000000000042e       0x2d /usr/lib/gcc/arm-none-eabi/6.3.1/../../../arm-none-eabi/lib/thumb/v7-m/libm.a(lib_a-wf_atan2.o)
 .ARM.attributes
                0x000000000000045b       0x2d /usr/lib/gcc/arm-none-eabi/6.3.1/../../../arm-none-eabi/lib/thumb/v7-m/libm.a(lib_a-wf_sqrt.o)
 .ARM.attributes
                0x0000000000000488       0x2d /usr/lib/gcc/arm-none-eabi/6.3.1/../../../arm-none-eabi/lib/thumb/v7-m/libm.a(lib_a-ef_atan2.o)
 .ARM.attributes
                0x00000000000004b5       0x2d /usr/lib/gcc/arm-none-eabi/6.3.1/../../../arm-none-eabi/lib/thumb/v7-m/libm.a(lib_a-ef_sqrt.o)
 .ARM.attributes
                0x00000000000004e2       0x2d /usr/lib/gcc/arm-none-eabi/6.3.1/../../../arm-none-eabi/lib/thumb/v7-m/libm.a(lib_a-s_lib_ver.o)
 .ARM.attributes
                0x000000000000050f       0x2d /usr/lib/gcc/arm-none-eabi/6.3.1/../../../arm-none-eabi/lib/thumb/v7-m/libm.a(lib_a-s_matherr.o)
 .ARM.attributes
                0x000000000000053c       0x2d /usr/lib/gcc/arm-none-eabi/6.3.1/../../../arm-none-eabi/lib/thumb/v7-m/libm.a(lib_a-sf_atan.o)
 .ARM.attributes
                0x0000000000000569       0x2d /usr/lib/gcc/arm-none-eabi/6.3.1/../../../arm-none-eabi/lib/thumb/v7-m/libm.a(lib_a-sf_fabs.o)
 .ARM.attributes
                0x0000000000000596       0x1d /usr/lib/gcc/arm-none-eabi/6.3.1/thumb/v7-m/libgcc.a(_arm_addsubdf3.o)
 .ARM.attributes
                0x00000000000005b3       0x1d /usr/lib/gcc/arm-none-eabi/6.3.1/thumb/v7-m/libgcc.a(_arm_muldivdf3.o)
 .ARM.attributes
                0x00000000000005d0       0x1d /usr/lib/gcc/arm-none-eabi/6.3.1/thumb/v7-m/libgcc.a(_arm_cmpdf2.o)
 .ARM.attributes
                0x00000000000005ed       0x1d /usr/lib/gcc/arm-none-eabi/6.3.1/thumb/v7-m/libgcc.a(_arm_truncdfsf2.o)
 .ARM.attributes
                0x000000000000060a       0x1d /usr/lib/gcc/arm-none-eabi/6.3.1/thumb/v7-m/libgcc.a(_arm_addsubsf3.o)
 .ARM.attributes
                0x0000000000000627       0x1d /usr/lib/gcc/arm-none-eabi/6.3.1/thumb/v7-m/libgcc.a(_arm_muldivsf3.o)
 .ARM.attributes
                0x0000000000000644       0x1d /usr/lib/gcc/arm-none-eabi/6.3.1/thumb/v7-m/libgcc.a(_arm_cmpsf2.o)
 .ARM.attributes
                0x0000000000000661       0x1d /usr/lib/gcc/arm-none-eabi/6.3.1/thumb/v7-m/libgcc.a(_arm_unordsf2.o)
 .ARM.attributes
                0x000000000000067e       0x1d /usr/lib/gcc/arm-none-eabi/6.3.1/thumb/v7-m/libgcc.a(_arm_fixsfsi.o)
 .ARM.attributes
                0x000000000000069b       0x1d /usr/lib/gcc/arm-none-eabi/6.3.1/thumb/v7-m/libgcc.a(_arm_fixunssfsi.o)
 .ARM.attributes
                0x00000000000006b8       0x2d /usr/lib/gcc/arm-none-eabi/6.3.1/../../../arm-none-eabi/lib/thumb/v7-m/libg_nano.a(lib_a-errno.o)
 .ARM.attributes
                0x00000000000006e5       0x2d /usr/lib/gcc/arm-none-eabi/6.3.1/../../../arm-none-eabi/lib/thumb/v7-m/libg_nano.a(lib_a-impure.o)
 .ARM.attributes
                0x0000000000000712       0x2d /usr/lib/gcc/arm-none-eabi/6.3.1/../../../arm-none-eabi/lib/thumb/v7-m/libg_nano.a(lib_a-init.o)
 .ARM.attributes
                0x000000000000073f       0x2d /usr/lib/gcc/arm-none-eabi/6.3.1/../../../arm-none-eabi/lib/thumb/v7-m/libg_nano.a(lib_a-malloc.o)
 .ARM.attributes
                0x000000000000076c       0x2d /usr/lib/gcc/arm-none-eabi/6.3.1/../../../arm-none-eabi/lib/thumb/v7-m/libg_nano.a(lib_a-memcmp.o)
 .ARM.attributes
                0x0000000000000799       0x1b /usr/lib/gcc/arm-none-eabi/6.3.1/../../../arm-none-eabi/lib/thumb/v7-m/libg_nano.a(lib_a-memcpy.o)
 .ARM.attributes
                0x00000000000007b4       0x2d /usr/lib/gcc/arm-none-eabi/6.3.1/../../../arm-none-eabi/lib/thumb/v7-m/libg_nano.a(lib_a-memset.o)
 .ARM.attributes
                0x00000000000007e1       0x2d /usr/lib/gcc/arm-none-eabi/6.3.1/../../../arm-none-eabi/lib/thumb/v7-m/libg_nano.a(lib_a-nano-freer.o)
 .ARM.attributes
                0x000000000000080e       0x2d /usr/lib/gcc/arm-none-eabi/6.3.1/../../../arm-none-eabi/lib/thumb/v7-m/libg_nano.a(lib_a-nano-mallocr.o)
 .ARM.attributes
                0x000000000000083b       0x2d /usr/lib/gcc/arm-none-eabi/6.3.1/../../../arm-none-eabi/lib/thumb/v7-m/libg_nano.a(lib_a-nano-vfprintf_float.o)
 .ARM.attributes
                0x0000000000000868       0x2d /usr/lib/gcc/arm-none-eabi/6.3.1/../../../arm-none-eabi/lib/thumb/v7-m/libg_nano.a(lib_a-nano-vfprintf_i.o)
 .ARM.attributes
                0x0000000000000895       0x2d /usr/lib/gcc/arm-none-eabi/6.3.1/../../../arm-none-eabi/lib/thumb/v7-m/libg_nano.a(lib_a-printf.o)
 .ARM.attributes
                0x00000000000008c2       0x2d /usr/lib/gcc/arm-none-eabi/6.3.1/../../../arm-none-eabi/lib/thumb/v7-m/libg_nano.a(lib_a-putchar.o)
 .ARM.attributes
                0x00000000000008ef       0x2d /usr/lib/gcc/arm-none-eabi/6.3.1/../../../arm-none-eabi/lib/thumb/v7-m/libg_nano.a(lib_a-puts.o)
 .ARM.attributes
                0x000000000000091c       0x2d /usr/lib/gcc/arm-none-eabi/6.3.1/../../../arm-none-eabi/lib/thumb/v7-m/libg_nano.a(lib_a-sbrkr.o)
 .ARM.attributes
                0x0000000000000949       0x2d /usr/lib/gcc/arm-none-eabi/6.3.1/../../../arm-none-eabi/lib/thumb/v7-m/libg_nano.a(lib_a-strlen-stub.o)
 .ARM.attributes
                0x0000000000000976       0x2d /usr/lib/gcc/arm-none-eabi/6.3.1/../../../arm-none-eabi/lib/thumb/v7-m/libg_nano.a(lib_a-wbuf.o)
 .ARM.attributes
                0x00000000000009a3       0x2d /usr/lib/gcc/arm-none-eabi/6.3.1/../../../arm-none-eabi/lib/thumb/v7-m/libg_nano.a(lib_a-wsetup.o)
 .ARM.attributes
                0x00000000000009d0       0x2d /usr/lib/gcc/arm-none-eabi/6.3.1/../../../arm-none-eabi/lib/thumb/v7-m/libg_nano.a(lib_a-dtoa.o)
 .ARM.attributes
                0x00000000000009fd       0x2d /usr/lib/gcc/arm-none-eabi/6.3.1/../../../arm-none-eabi/lib/thumb/v7-m/libg_nano.a(lib_a-fflush.o)
 .ARM.attributes
                0x0000000000000a2a       0x2d /usr/lib/gcc/arm-none-eabi/6.3.1/../../../arm-none-eabi/lib/thumb/v7-m/libg_nano.a(lib_a-findfp.o)
 .ARM.attributes
                0x0000000000000a57       0x2d /usr/lib/gcc/arm-none-eabi/6.3.1/../../../arm-none-eabi/lib/thumb/v7-m/libg_nano.a(lib_a-fwalk.o)
 .ARM.attributes
                0x0000000000000a84       0x2d /usr/lib/gcc/arm-none-eabi/6.3.1/../../../arm-none-eabi/lib/thumb/v7-m/libg_nano.a(lib_a-locale.o)
 .ARM.attributes
                0x0000000000000ab1       0x2d /usr/lib/gcc/arm-none-eabi/6.3.1/../../../arm-none-eabi/lib/thumb/v7-m/libg_nano.a(lib_a-makebuf.o)
 .ARM.attributes
                0x0000000000000ade       0x2d /usr/lib/gcc/arm-none-eabi/6.3.1/../../../arm-none-eabi/lib/thumb/v7-m/libg_nano.a(lib_a-memchr-stub.o)
 .ARM.attributes
                0x0000000000000b0b       0x2d /usr/lib/gcc/arm-none-eabi/6.3.1/../../../arm-none-eabi/lib/thumb/v7-m/libg_nano.a(lib_a-mprec.o)
 .ARM.attributes
                0x0000000000000b38       0x2d /usr/lib/gcc/arm-none-eabi/6.3.1/../../../arm-none-eabi/lib/thumb/v7-m/libg_nano.a(lib_a-nano-callocr.o)
 .ARM.attributes
                0x0000000000000b65       0x2d /usr/lib/gcc/arm-none-eabi/6.3.1/../../../arm-none-eabi/lib/thumb/v7-m/libg_nano.a(lib_a-nano-reallocr.o)
 .ARM.attributes
                0x0000000000000b92       0x2d /usr/lib/gcc/arm-none-eabi/6.3.1/../../../arm-none-eabi/lib/thumb/v7-m/libg_nano.a(lib_a-nano-vfprintf.o)
 .ARM.attributes
                0x0000000000000bbf       0x2d /usr/lib/gcc/arm-none-eabi/6.3.1/../../../arm-none-eabi/lib/thumb/v7-m/libg_nano.a(lib_a-putc.o)
 .ARM.attributes
                0x0000000000000bec       0x2d /usr/lib/gcc/arm-none-eabi/6.3.1/../../../arm-none-eabi/lib/thumb/v7-m/libg_nano.a(lib_a-reent.o)
 .ARM.attributes
                0x0000000000000c19       0x2d /usr/lib/gcc/arm-none-eabi/6.3.1/../../../arm-none-eabi/lib/thumb/v7-m/libg_nano.a(lib_a-stdio.o)
 .ARM.attributes
                0x0000000000000c46       0x1b /usr/lib/gcc/arm-none-eabi/6.3.1/../../../arm-none-eabi/lib/thumb/v7-m/libg_nano.a(lib_a-strcmp.o)
 .ARM.attributes
                0x0000000000000c61       0x2d /usr/lib/gcc/arm-none-eabi/6.3.1/../../../arm-none-eabi/lib/thumb/v7-m/libg_nano.a(lib_a-writer.o)
 .ARM.attributes
                0x0000000000000c8e       0x2d /usr/lib/gcc/arm-none-eabi/6.3.1/../../../arm-none-eabi/lib/thumb/v7-m/libg_nano.a(lib_a-closer.o)
 .ARM.attributes
                0x0000000000000cbb       0x2d /usr/lib/gcc/arm-none-eabi/6.3.1/../../../arm-none-eabi/lib/thumb/v7-m/libg_nano.a(lib_a-fstatr.o)
 .ARM.attributes
                0x0000000000000ce8       0x2d /usr/lib/gcc/arm-none-eabi/6.3.1/../../../arm-none-eabi/lib/thumb/v7-m/libg_nano.a(lib_a-fvwrite.o)
 .ARM.attributes
                0x0000000000000d15       0x2d /usr/lib/gcc/arm-none-eabi/6.3.1/../../../arm-none-eabi/lib/thumb/v7-m/libg_nano.a(lib_a-isattyr.o)
 .ARM.attributes
                0x0000000000000d42       0x2d /usr/lib/gcc/arm-none-eabi/6.3.1/../../../arm-none-eabi/lib/thumb/v7-m/libg_nano.a(lib_a-lseekr.o)
 .ARM.attributes
                0x0000000000000d6f       0x2d /usr/lib/gcc/arm-none-eabi/6.3.1/../../../arm-none-eabi/lib/thumb/v7-m/libg_nano.a(lib_a-memmove.o)
 .ARM.attributes
                0x0000000000000d9c       0x2d /usr/lib/gcc/arm-none-eabi/6.3.1/../../../arm-none-eabi/lib/thumb/v7-m/libg_nano.a(lib_a-nano-msizer.o)
 .ARM.attributes
                0x0000000000000dc9       0x2d /usr/lib/gcc/arm-none-eabi/6.3.1/../../../arm-none-eabi/lib/thumb/v7-m/libg_nano.a(lib_a-readr.o)
 .ARM.attributes
                0x0000000000000df6       0x1d /usr/lib/gcc/arm-none-eabi/6.3.1/thumb/v7-m/libgcc.a(_arm_unorddf2.o)
 .ARM.attributes
                0x0000000000000e13       0x1d /usr/lib/gcc/arm-none-eabi/6.3.1/thumb/v7-m/libgcc.a(_arm_fixdfsi.o)
 .ARM.attributes
                0x0000000000000e30       0x2d /usr/lib/gcc/arm-none-eabi/6.3.1/thumb/v7-m/crtend.o
 .ARM.attributes
                0x0000000000000e5d       0x1d /usr/lib/gcc/arm-none-eabi/6.3.1/thumb/v7-m/crtn.o
OUTPUT(HAL_MPU6050_DMP.elf elf32-littlearm)

.comment        0x0000000000000000       0x31
 .comment       0x0000000000000000       0x31 /usr/lib/gcc/arm-none-eabi/6.3.1/thumb/v7-m/crtbegin.o
                                         0x32 (size before relaxing)
 .comment       0x0000000000000031       0x32 CMakeFiles/HAL_MPU6050_DMP.elf.dir/Drivers/STM32F1xx_HAL_Driver/Src/stm32f1xx_hal.c.obj
 .comment       0x0000000000000031       0x32 CMakeFiles/HAL_MPU6050_DMP.elf.dir/Drivers/STM32F1xx_HAL_Driver/Src/stm32f1xx_hal_cortex.c.obj
 .comment       0x0000000000000031       0x32 CMakeFiles/HAL_MPU6050_DMP.elf.dir/Drivers/STM32F1xx_HAL_Driver/Src/stm32f1xx_hal_dma.c.obj
 .comment       0x0000000000000031       0x32 CMakeFiles/HAL_MPU6050_DMP.elf.dir/Drivers/STM32F1xx_HAL_Driver/Src/stm32f1xx_hal_gpio.c.obj
 .comment       0x0000000000000031       0x32 CMakeFiles/HAL_MPU6050_DMP.elf.dir/Drivers/STM32F1xx_HAL_Driver/Src/stm32f1xx_hal_i2c.c.obj
 .comment       0x0000000000000031       0x32 CMakeFiles/HAL_MPU6050_DMP.elf.dir/Drivers/STM32F1xx_HAL_Driver/Src/stm32f1xx_hal_rcc.c.obj
 .comment       0x0000000000000031       0x32 CMakeFiles/HAL_MPU6050_DMP.elf.dir/Drivers/STM32F1xx_HAL_Driver/Src/stm32f1xx_hal_uart.c.obj
 .comment       0x0000000000000031       0x32 CMakeFiles/HAL_MPU6050_DMP.elf.dir/Src/ArduinoWrapper.cpp.obj
 .comment       0x0000000000000031       0x32 CMakeFiles/HAL_MPU6050_DMP.elf.dir/Src/I2Cdev.cpp.obj
 .comment       0x0000000000000031       0x32 CMakeFiles/HAL_MPU6050_DMP.elf.dir/Src/MPU6050.cpp.obj
 .comment       0x0000000000000031       0x32 CMakeFiles/HAL_MPU6050_DMP.elf.dir/Src/gpio.c.obj
 .comment       0x0000000000000031       0x32 CMakeFiles/HAL_MPU6050_DMP.elf.dir/Src/i2c.c.obj
 .comment       0x0000000000000031       0x32 CMakeFiles/HAL_MPU6050_DMP.elf.dir/Src/main.cpp.obj
 .comment       0x0000000000000031       0x32 CMakeFiles/HAL_MPU6050_DMP.elf.dir/Src/stm32f1xx_hal_msp.c.obj
 .comment       0x0000000000000031       0x32 CMakeFiles/HAL_MPU6050_DMP.elf.dir/Src/stm32f1xx_it.c.obj
 .comment       0x0000000000000031       0x32 CMakeFiles/HAL_MPU6050_DMP.elf.dir/Src/syscalls.c.obj
 .comment       0x0000000000000031       0x32 CMakeFiles/HAL_MPU6050_DMP.elf.dir/Src/system_stm32f1xx.c.obj
 .comment       0x0000000000000031       0x32 CMakeFiles/HAL_MPU6050_DMP.elf.dir/Src/usart.c.obj
 .comment       0x0000000000000031       0x32 /usr/lib/gcc/arm-none-eabi/6.3.1/../../../arm-none-eabi/lib/thumb/v7-m/libm.a(lib_a-sf_round.o)
 .comment       0x0000000000000031       0x32 /usr/lib/gcc/arm-none-eabi/6.3.1/../../../arm-none-eabi/lib/thumb/v7-m/libm.a(lib_a-wf_atan2.o)
 .comment       0x0000000000000031       0x32 /usr/lib/gcc/arm-none-eabi/6.3.1/../../../arm-none-eabi/lib/thumb/v7-m/libm.a(lib_a-wf_sqrt.o)
 .comment       0x0000000000000031       0x32 /usr/lib/gcc/arm-none-eabi/6.3.1/../../../arm-none-eabi/lib/thumb/v7-m/libm.a(lib_a-ef_atan2.o)
 .comment       0x0000000000000031       0x32 /usr/lib/gcc/arm-none-eabi/6.3.1/../../../arm-none-eabi/lib/thumb/v7-m/libm.a(lib_a-ef_sqrt.o)
 .comment       0x0000000000000031       0x32 /usr/lib/gcc/arm-none-eabi/6.3.1/../../../arm-none-eabi/lib/thumb/v7-m/libm.a(lib_a-s_lib_ver.o)
 .comment       0x0000000000000031       0x32 /usr/lib/gcc/arm-none-eabi/6.3.1/../../../arm-none-eabi/lib/thumb/v7-m/libm.a(lib_a-s_matherr.o)
 .comment       0x0000000000000031       0x32 /usr/lib/gcc/arm-none-eabi/6.3.1/../../../arm-none-eabi/lib/thumb/v7-m/libm.a(lib_a-sf_atan.o)
 .comment       0x0000000000000031       0x32 /usr/lib/gcc/arm-none-eabi/6.3.1/../../../arm-none-eabi/lib/thumb/v7-m/libm.a(lib_a-sf_fabs.o)
 .comment       0x0000000000000031       0x32 /usr/lib/gcc/arm-none-eabi/6.3.1/../../../arm-none-eabi/lib/thumb/v7-m/libg_nano.a(lib_a-errno.o)
 .comment       0x0000000000000031       0x32 /usr/lib/gcc/arm-none-eabi/6.3.1/../../../arm-none-eabi/lib/thumb/v7-m/libg_nano.a(lib_a-impure.o)
 .comment       0x0000000000000031       0x32 /usr/lib/gcc/arm-none-eabi/6.3.1/../../../arm-none-eabi/lib/thumb/v7-m/libg_nano.a(lib_a-init.o)
 .comment       0x0000000000000031       0x32 /usr/lib/gcc/arm-none-eabi/6.3.1/../../../arm-none-eabi/lib/thumb/v7-m/libg_nano.a(lib_a-malloc.o)
 .comment       0x0000000000000031       0x32 /usr/lib/gcc/arm-none-eabi/6.3.1/../../../arm-none-eabi/lib/thumb/v7-m/libg_nano.a(lib_a-memcmp.o)
 .comment       0x0000000000000031       0x32 /usr/lib/gcc/arm-none-eabi/6.3.1/../../../arm-none-eabi/lib/thumb/v7-m/libg_nano.a(lib_a-memset.o)
 .comment       0x0000000000000031       0x32 /usr/lib/gcc/arm-none-eabi/6.3.1/../../../arm-none-eabi/lib/thumb/v7-m/libg_nano.a(lib_a-nano-freer.o)
 .comment       0x0000000000000031       0x32 /usr/lib/gcc/arm-none-eabi/6.3.1/../../../arm-none-eabi/lib/thumb/v7-m/libg_nano.a(lib_a-nano-mallocr.o)
 .comment       0x0000000000000031       0x32 /usr/lib/gcc/arm-none-eabi/6.3.1/../../../arm-none-eabi/lib/thumb/v7-m/libg_nano.a(lib_a-nano-vfprintf_float.o)
 .comment       0x0000000000000031       0x32 /usr/lib/gcc/arm-none-eabi/6.3.1/../../../arm-none-eabi/lib/thumb/v7-m/libg_nano.a(lib_a-nano-vfprintf_i.o)
 .comment       0x0000000000000031       0x32 /usr/lib/gcc/arm-none-eabi/6.3.1/../../../arm-none-eabi/lib/thumb/v7-m/libg_nano.a(lib_a-printf.o)
 .comment       0x0000000000000031       0x32 /usr/lib/gcc/arm-none-eabi/6.3.1/../../../arm-none-eabi/lib/thumb/v7-m/libg_nano.a(lib_a-putchar.o)
 .comment       0x0000000000000031       0x32 /usr/lib/gcc/arm-none-eabi/6.3.1/../../../arm-none-eabi/lib/thumb/v7-m/libg_nano.a(lib_a-puts.o)
 .comment       0x0000000000000031       0x32 /usr/lib/gcc/arm-none-eabi/6.3.1/../../../arm-none-eabi/lib/thumb/v7-m/libg_nano.a(lib_a-sbrkr.o)
 .comment       0x0000000000000031       0x32 /usr/lib/gcc/arm-none-eabi/6.3.1/../../../arm-none-eabi/lib/thumb/v7-m/libg_nano.a(lib_a-strlen-stub.o)
 .comment       0x0000000000000031       0x32 /usr/lib/gcc/arm-none-eabi/6.3.1/../../../arm-none-eabi/lib/thumb/v7-m/libg_nano.a(lib_a-wbuf.o)
 .comment       0x0000000000000031       0x32 /usr/lib/gcc/arm-none-eabi/6.3.1/../../../arm-none-eabi/lib/thumb/v7-m/libg_nano.a(lib_a-wsetup.o)
 .comment       0x0000000000000031       0x32 /usr/lib/gcc/arm-none-eabi/6.3.1/../../../arm-none-eabi/lib/thumb/v7-m/libg_nano.a(lib_a-dtoa.o)
 .comment       0x0000000000000031       0x32 /usr/lib/gcc/arm-none-eabi/6.3.1/../../../arm-none-eabi/lib/thumb/v7-m/libg_nano.a(lib_a-fflush.o)
 .comment       0x0000000000000031       0x32 /usr/lib/gcc/arm-none-eabi/6.3.1/../../../arm-none-eabi/lib/thumb/v7-m/libg_nano.a(lib_a-findfp.o)
 .comment       0x0000000000000031       0x32 /usr/lib/gcc/arm-none-eabi/6.3.1/../../../arm-none-eabi/lib/thumb/v7-m/libg_nano.a(lib_a-fwalk.o)
 .comment       0x0000000000000031       0x32 /usr/lib/gcc/arm-none-eabi/6.3.1/../../../arm-none-eabi/lib/thumb/v7-m/libg_nano.a(lib_a-locale.o)
 .comment       0x0000000000000031       0x32 /usr/lib/gcc/arm-none-eabi/6.3.1/../../../arm-none-eabi/lib/thumb/v7-m/libg_nano.a(lib_a-makebuf.o)
 .comment       0x0000000000000031       0x32 /usr/lib/gcc/arm-none-eabi/6.3.1/../../../arm-none-eabi/lib/thumb/v7-m/libg_nano.a(lib_a-memchr-stub.o)
 .comment       0x0000000000000031       0x32 /usr/lib/gcc/arm-none-eabi/6.3.1/../../../arm-none-eabi/lib/thumb/v7-m/libg_nano.a(lib_a-mprec.o)
 .comment       0x0000000000000031       0x32 /usr/lib/gcc/arm-none-eabi/6.3.1/../../../arm-none-eabi/lib/thumb/v7-m/libg_nano.a(lib_a-nano-callocr.o)
 .comment       0x0000000000000031       0x32 /usr/lib/gcc/arm-none-eabi/6.3.1/../../../arm-none-eabi/lib/thumb/v7-m/libg_nano.a(lib_a-nano-reallocr.o)
 .comment       0x0000000000000031       0x32 /usr/lib/gcc/arm-none-eabi/6.3.1/../../../arm-none-eabi/lib/thumb/v7-m/libg_nano.a(lib_a-nano-vfprintf.o)
 .comment       0x0000000000000031       0x32 /usr/lib/gcc/arm-none-eabi/6.3.1/../../../arm-none-eabi/lib/thumb/v7-m/libg_nano.a(lib_a-putc.o)
 .comment       0x0000000000000031       0x32 /usr/lib/gcc/arm-none-eabi/6.3.1/../../../arm-none-eabi/lib/thumb/v7-m/libg_nano.a(lib_a-reent.o)
 .comment       0x0000000000000031       0x32 /usr/lib/gcc/arm-none-eabi/6.3.1/../../../arm-none-eabi/lib/thumb/v7-m/libg_nano.a(lib_a-stdio.o)
 .comment       0x0000000000000031       0x32 /usr/lib/gcc/arm-none-eabi/6.3.1/../../../arm-none-eabi/lib/thumb/v7-m/libg_nano.a(lib_a-writer.o)
 .comment       0x0000000000000031       0x32 /usr/lib/gcc/arm-none-eabi/6.3.1/../../../arm-none-eabi/lib/thumb/v7-m/libg_nano.a(lib_a-closer.o)
 .comment       0x0000000000000031       0x32 /usr/lib/gcc/arm-none-eabi/6.3.1/../../../arm-none-eabi/lib/thumb/v7-m/libg_nano.a(lib_a-fstatr.o)
 .comment       0x0000000000000031       0x32 /usr/lib/gcc/arm-none-eabi/6.3.1/../../../arm-none-eabi/lib/thumb/v7-m/libg_nano.a(lib_a-fvwrite.o)
 .comment       0x0000000000000031       0x32 /usr/lib/gcc/arm-none-eabi/6.3.1/../../../arm-none-eabi/lib/thumb/v7-m/libg_nano.a(lib_a-isattyr.o)
 .comment       0x0000000000000031       0x32 /usr/lib/gcc/arm-none-eabi/6.3.1/../../../arm-none-eabi/lib/thumb/v7-m/libg_nano.a(lib_a-lseekr.o)
 .comment       0x0000000000000031       0x32 /usr/lib/gcc/arm-none-eabi/6.3.1/../../../arm-none-eabi/lib/thumb/v7-m/libg_nano.a(lib_a-memmove.o)
 .comment       0x0000000000000031       0x32 /usr/lib/gcc/arm-none-eabi/6.3.1/../../../arm-none-eabi/lib/thumb/v7-m/libg_nano.a(lib_a-nano-msizer.o)
 .comment       0x0000000000000031       0x32 /usr/lib/gcc/arm-none-eabi/6.3.1/../../../arm-none-eabi/lib/thumb/v7-m/libg_nano.a(lib_a-readr.o)
 .comment       0x0000000000000031       0x32 /usr/lib/gcc/arm-none-eabi/6.3.1/thumb/v7-m/crtend.o

.debug_info     0x0000000000000000    0x43fde
 .debug_info    0x0000000000000000      0x7c2 CMakeFiles/HAL_MPU6050_DMP.elf.dir/Drivers/STM32F1xx_HAL_Driver/Src/stm32f1xx_hal.c.obj
 .debug_info    0x00000000000007c2      0xca2 CMakeFiles/HAL_MPU6050_DMP.elf.dir/Drivers/STM32F1xx_HAL_Driver/Src/stm32f1xx_hal_cortex.c.obj